Archive member included to satisfy reference by file (symbol)

/Applications/ArmGNUToolchain/15.3.rel1/arm-none-eabi/bin/../lib/gcc/arm-none-eabi/15.3.1/thumb/v8-m.main+fp/softfp/libgcc.a(_arm_addsubdf3.o)
                              CMakeFiles/blink.dir/Users/vyl/pico/pico-sdk/src/rp2_common/pico_float/float_math.c.o (__aeabi_f2d)
/Applications/ArmGNUToolchain/15.3.rel1/arm-none-eabi/bin/../lib/gcc/arm-none-eabi/15.3.1/thumb/v8-m.main+fp/softfp/libgcc.a(_aeabi_ldivmod.o)
                              CMakeFiles/blink.dir/Users/vyl/pico/pico-sdk/src/common/pico_time/time.c.o (__aeabi_ldivmod)
/Applications/ArmGNUToolchain/15.3.rel1/arm-none-eabi/bin/../lib/gcc/arm-none-eabi/15.3.1/thumb/v8-m.main+fp/softfp/libgcc.a(_aeabi_uldivmod.o)
                              CMakeFiles/blink.dir/Users/vyl/pico/pico-sdk/src/rp2_common/hardware_clocks/clocks.c.o (__aeabi_uldivmod)
/Applications/ArmGNUToolchain/15.3.rel1/arm-none-eabi/bin/../lib/gcc/arm-none-eabi/15.3.1/thumb/v8-m.main+fp/softfp/libgcc.a(_udivmoddi4.o)
                              /Applications/ArmGNUToolchain/15.3.rel1/arm-none-eabi/bin/../lib/gcc/arm-none-eabi/15.3.1/thumb/v8-m.main+fp/softfp/libgcc.a(_aeabi_ldivmod.o) (__udivmoddi4)
/Applications/ArmGNUToolchain/15.3.rel1/arm-none-eabi/bin/../lib/gcc/arm-none-eabi/15.3.1/thumb/v8-m.main+fp/softfp/libgcc.a(_dvmd_tls.o)
                              /Applications/ArmGNUToolchain/15.3.rel1/arm-none-eabi/bin/../lib/gcc/arm-none-eabi/15.3.1/thumb/v8-m.main+fp/softfp/libgcc.a(_aeabi_ldivmod.o) (__aeabi_ldiv0)
/Applications/ArmGNUToolchain/15.3.rel1/arm-none-eabi/bin/../lib/gcc/arm-none-eabi/15.3.1/../../../../arm-none-eabi/lib/thumb/v8-m.main+fp/softfp/libg.a(libc_a-calloc.o)
                              CMakeFiles/blink.dir/Users/vyl/pico/pico-sdk/src/rp2_common/pico_malloc/malloc.c.o (calloc)
/Applications/ArmGNUToolchain/15.3.rel1/arm-none-eabi/bin/../lib/gcc/arm-none-eabi/15.3.1/../../../../arm-none-eabi/lib/thumb/v8-m.main+fp/softfp/libg.a(libc_a-callocr.o)
                              /Applications/ArmGNUToolchain/15.3.rel1/arm-none-eabi/bin/../lib/gcc/arm-none-eabi/15.3.1/../../../../arm-none-eabi/lib/thumb/v8-m.main+fp/softfp/libg.a(libc_a-calloc.o) (_calloc_r)
/Applications/ArmGNUToolchain/15.3.rel1/arm-none-eabi/bin/../lib/gcc/arm-none-eabi/15.3.1/../../../../arm-none-eabi/lib/thumb/v8-m.main+fp/softfp/libg.a(libc_a-malloc.o)
                              CMakeFiles/blink.dir/Users/vyl/pico/pico-sdk/src/rp2_common/pico_malloc/malloc.c.o (malloc)
/Applications/ArmGNUToolchain/15.3.rel1/arm-none-eabi/bin/../lib/gcc/arm-none-eabi/15.3.1/../../../../arm-none-eabi/lib/thumb/v8-m.main+fp/softfp/libg.a(libc_a-mallocr.o)
                              /Applications/ArmGNUToolchain/15.3.rel1/arm-none-eabi/bin/../lib/gcc/arm-none-eabi/15.3.1/../../../../arm-none-eabi/lib/thumb/v8-m.main+fp/softfp/libg.a(libc_a-callocr.o) (_malloc_r)
/Applications/ArmGNUToolchain/15.3.rel1/arm-none-eabi/bin/../lib/gcc/arm-none-eabi/15.3.1/../../../../arm-none-eabi/lib/thumb/v8-m.main+fp/softfp/libg.a(libc_a-mlock.o)
                              /Applications/ArmGNUToolchain/15.3.rel1/arm-none-eabi/bin/../lib/gcc/arm-none-eabi/15.3.1/../../../../arm-none-eabi/lib/thumb/v8-m.main+fp/softfp/libg.a(libc_a-mallocr.o) (__malloc_lock)
/Applications/ArmGNUToolchain/15.3.rel1/arm-none-eabi/bin/../lib/gcc/arm-none-eabi/15.3.1/../../../../arm-none-eabi/lib/thumb/v8-m.main+fp/softfp/libg.a(libc_a-realloc.o)
                              CMakeFiles/blink.dir/Users/vyl/pico/pico-sdk/src/rp2_common/pico_malloc/malloc.c.o (realloc)
/Applications/ArmGNUToolchain/15.3.rel1/arm-none-eabi/bin/../lib/gcc/arm-none-eabi/15.3.1/../../../../arm-none-eabi/lib/thumb/v8-m.main+fp/softfp/libg.a(libc_a-reallocr.o)
                              /Applications/ArmGNUToolchain/15.3.rel1/arm-none-eabi/bin/../lib/gcc/arm-none-eabi/15.3.1/../../../../arm-none-eabi/lib/thumb/v8-m.main+fp/softfp/libg.a(libc_a-realloc.o) (_realloc_r)
/Applications/ArmGNUToolchain/15.3.rel1/arm-none-eabi/bin/../lib/gcc/arm-none-eabi/15.3.1/../../../../arm-none-eabi/lib/thumb/v8-m.main+fp/softfp/libg.a(libc_a-memcmp.o)
                              CMakeFiles/blink.dir/Users/vyl/pico/pico-sdk/src/rp2_common/pico_atomic/atomic.c.o (memcmp)
/Applications/ArmGNUToolchain/15.3.rel1/arm-none-eabi/bin/../lib/gcc/arm-none-eabi/15.3.1/../../../../arm-none-eabi/lib/thumb/v8-m.main+fp/softfp/libg.a(libc_a-memmove.o)
                              /Applications/ArmGNUToolchain/15.3.rel1/arm-none-eabi/bin/../lib/gcc/arm-none-eabi/15.3.1/../../../../arm-none-eabi/lib/thumb/v8-m.main+fp/softfp/libg.a(libc_a-reallocr.o) (memmove)
/Applications/ArmGNUToolchain/15.3.rel1/arm-none-eabi/bin/../lib/gcc/arm-none-eabi/15.3.1/../../../../arm-none-eabi/lib/thumb/v8-m.main+fp/softfp/libg.a(libc_a-memset.o)
                              CMakeFiles/blink.dir/Users/vyl/pico/pico-sdk/src/rp2_common/pico_thread_local/thread_local.c.o (memset)
[...]
Memory Configuration

Name             Origin             Length             Attributes
FLASH            0x10000000         0x00400000         xr
PSRAM            0x11000000         0x00000000         xrw
XIP_RAM          0x13ffc000         0x00004000         xrw
RAM              0x20000000         0x00080000         xrw
SCRATCH_X        0x20080000         0x00001000         xrw
SCRATCH_Y        0x20081000         0x00001000         xrw
*default*        0x00000000         0xffffffff

Linker script and memory map

                0x20000000                        RAM_ORIGIN_DEFAULT = 0x20000000
                0x00080000                        RAM_LENGTH_DEFAULT = 0x80000
                0x20080000                        SCRATCH_X_ORIGIN_DEFAULT = 0x20080000
                0x00001000                        SCRATCH_X_LENGTH_DEFAULT = 0x1000
                0x20081000                        SCRATCH_Y_ORIGIN_DEFAULT = 0x20081000
                0x00001000                        SCRATCH_Y_LENGTH_DEFAULT = 0x1000
                0x13ffc000                        XIP_RAM_ORIGIN_DEFAULT = 0x13ffc000
                0x00004000                        XIP_RAM_LENGTH_DEFAULT = 0x4000
LOAD CMakeFiles/blink.dir/main.cc.o
LOAD CMakeFiles/blink.dir/Users/vyl/pico/pico-sdk/src/rp2_common/pico_stdlib/stdlib.c.o
LOAD CMakeFiles/blink.dir/Users/vyl/pico/pico-sdk/src/rp2_common/hardware_gpio/gpio.c.o
LOAD CMakeFiles/blink.dir/Users/vyl/pico/pico-sdk/src/rp2350/pico_platform/platform.c.o
LOAD CMakeFiles/blink.dir/Users/vyl/pico/pico-sdk/src/rp2_common/pico_platform_common/common.c.o
LOAD CMakeFiles/blink.dir/Users/vyl/pico/pico-sdk/src/rp2_common/pico_platform_panic/panic.c.o
LOAD CMakeFiles/blink.dir/Users/vyl/pico/pico-sdk/src/rp2_common/pico_platform_panic/custom_panic_function.S.o
LOAD CMakeFiles/blink.dir/Users/vyl/pico/pico-sdk/src/common/hardware_claim/claim.c.o
LOAD CMakeFiles/blink.dir/Users/vyl/pico/pico-sdk/src/rp2_common/hardware_sync/sync.c.o
LOAD CMakeFiles/blink.dir/Users/vyl/pico/pico-sdk/src/rp2_common/hardware_sync_spin_lock/sync_spin_lock.c.o
LOAD CMakeFiles/blink.dir/Users/vyl/pico/pico-sdk/src/rp2_common/hardware_irq/irq.c.o
LOAD CMakeFiles/blink.dir/Users/vyl/pico/pico-sdk/src/rp2_common/hardware_irq/irq_handler_chain.S.o
LOAD CMakeFiles/blink.dir/Users/vyl/pico/pico-sdk/src/common/pico_sync/sem.c.o
LOAD CMakeFiles/blink.dir/Users/vyl/pico/pico-sdk/src/common/pico_sync/lock_core.c.o
LOAD CMakeFiles/blink.dir/Users/vyl/pico/pico-sdk/src/common/pico_sync/mutex.c.o
LOAD CMakeFiles/blink.dir/Users/vyl/pico/pico-sdk/src/common/pico_sync/critical_section.c.o
LOAD CMakeFiles/blink.dir/Users/vyl/pico/pico-sdk/src/common/pico_time/time.c.o
LOAD CMakeFiles/blink.dir/Users/vyl/pico/pico-sdk/src/common/pico_time/timeout_helper.c.o
LOAD CMakeFiles/blink.dir/Users/vyl/pico/pico-sdk/src/rp2_common/hardware_timer/timer.c.o
LOAD CMakeFiles/blink.dir/Users/vyl/pico/pico-sdk/src/common/pico_util/datetime.c.o
LOAD CMakeFiles/blink.dir/Users/vyl/pico/pico-sdk/src/common/pico_util/fixed_bitset.c.o
LOAD CMakeFiles/blink.dir/Users/vyl/pico/pico-sdk/src/common/pico_util/pheap.c.o
LOAD CMakeFiles/blink.dir/Users/vyl/pico/pico-sdk/src/common/pico_util/queue.c.o
LOAD CMakeFiles/blink.dir/Users/vyl/pico/pico-sdk/src/rp2_common/hardware_uart/uart.c.o
LOAD CMakeFiles/blink.dir/Users/vyl/pico/pico-sdk/src/rp2_common/hardware_clocks/clocks.c.o
LOAD CMakeFiles/blink.dir/Users/vyl/pico/pico-sdk/src/rp2_common/hardware_pll/pll.c.o
LOAD CMakeFiles/blink.dir/Users/vyl/pico/pico-sdk/src/rp2_common/hardware_vreg/vreg.c.o
LOAD CMakeFiles/blink.dir/Users/vyl/pico/pico-sdk/src/rp2_common/hardware_watchdog/watchdog.c.o
LOAD CMakeFiles/blink.dir/Users/vyl/pico/pico-sdk/src/rp2_common/hardware_ticks/ticks.c.o
LOAD CMakeFiles/blink.dir/Users/vyl/pico/pico-sdk/src/rp2_common/pico_bootrom/bootrom.c.o
LOAD CMakeFiles/blink.dir/Users/vyl/pico/pico-sdk/src/rp2_common/pico_bootrom/bootrom_lock.c.o
LOAD CMakeFiles/blink.dir/Users/vyl/pico/pico-sdk/src/rp2_common/hardware_boot_lock/boot_lock.c.o
LOAD CMakeFiles/blink.dir/Users/vyl/pico/pico-sdk/src/rp2_common/pico_flash/flash.c.o
LOAD CMakeFiles/blink.dir/Users/vyl/pico/pico-sdk/src/rp2_common/hardware_xosc/xosc.c.o
LOAD CMakeFiles/blink.dir/Users/vyl/pico/pico-sdk/src/rp2_common/hardware_divider/divider.c.o
LOAD CMakeFiles/blink.dir/Users/vyl/pico/pico-sdk/src/rp2_common/pico_runtime/runtime.c.o
LOAD CMakeFiles/blink.dir/Users/vyl/pico/pico-sdk/src/rp2_common/pico_runtime_init/runtime_init.c.o
LOAD CMakeFiles/blink.dir/Users/vyl/pico/pico-sdk/src/rp2_common/pico_runtime_init/runtime_init_clocks.c.o
LOAD CMakeFiles/blink.dir/Users/vyl/pico/pico-sdk/src/rp2_common/pico_runtime_init/runtime_init_stack_guard.c.o
LOAD CMakeFiles/blink.dir/Users/vyl/pico/pico-sdk/src/rp2_common/pico_bit_ops/bit_ops_aeabi.S.o
LOAD CMakeFiles/blink.dir/Users/vyl/pico/pico-sdk/src/rp2_common/pico_divider/divider_compiler.c.o
LOAD CMakeFiles/blink.dir/Users/vyl/pico/pico-sdk/src/rp2_common/pico_double/double_math.c.o
LOAD CMakeFiles/blink.dir/Users/vyl/pico/pico-sdk/src/rp2_common/pico_double/double_aeabi_dcp.S.o
LOAD CMakeFiles/blink.dir/Users/vyl/pico/pico-sdk/src/rp2_common/pico_double/double_fma_dcp.S.o
LOAD CMakeFiles/blink.dir/Users/vyl/pico/pico-sdk/src/rp2_common/pico_double/double_sci_m33.S.o
LOAD CMakeFiles/blink.dir/Users/vyl/pico/pico-sdk/src/rp2_common/pico_double/double_conv_m33.S.o
LOAD CMakeFiles/blink.dir/Users/vyl/pico/pico-sdk/src/rp2_common/pico_float/float_math.c.o
LOAD CMakeFiles/blink.dir/Users/vyl/pico/pico-sdk/src/rp2_common/pico_float/float_conv32_vfp.S.o
LOAD CMakeFiles/blink.dir/Users/vyl/pico/pico-sdk/src/rp2_common/pico_float/float_common_m33.S.o
LOAD CMakeFiles/blink.dir/Users/vyl/pico/pico-sdk/src/rp2_common/pico_float/float_sci_m33_vfp.S.o
LOAD CMakeFiles/blink.dir/Users/vyl/pico/pico-sdk/src/rp2_common/pico_malloc/malloc.c.o
LOAD CMakeFiles/blink.dir/Users/vyl/pico/pico-sdk/src/rp2_common/pico_atomic/atomic.c.o
LOAD CMakeFiles/blink.dir/Users/vyl/pico/pico-sdk/src/rp2_common/pico_cxx_options/new_delete.cpp.o
LOAD CMakeFiles/blink.dir/Users/vyl/pico/pico-sdk/src/rp2_common/pico_standard_binary_info/standard_binary_info.c.o
LOAD CMakeFiles/blink.dir/Users/vyl/pico/pico-sdk/src/rp2_common/pico_printf/printf.c.o
LOAD CMakeFiles/blink.dir/Users/vyl/pico/pico-sdk/src/rp2_common/pico_crt0/crt0.S.o
LOAD CMakeFiles/blink.dir/Users/vyl/pico/pico-sdk/src/rp2_common/pico_clib_interface/newlib_interface.c.o
LOAD CMakeFiles/blink.dir/Users/vyl/pico/pico-sdk/src/rp2_common/pico_clib_interface/cxa_guard.c.o
LOAD CMakeFiles/blink.dir/Users/vyl/pico/pico-sdk/src/rp2_common/pico_stdio/stdio.c.o
LOAD CMakeFiles/blink.dir/Users/vyl/pico/pico-sdk/src/rp2_common/pico_stdio_uart/stdio_uart.c.o
LOAD CMakeFiles/blink.dir/Users/vyl/pico/pico-sdk/src/rp2_common/pico_thread_local/thread_local.c.o
LOAD pico-sdk/src/rp2350/boot_stage2/CMakeFiles/bs2_default_library.dir/./bs2_default_padded.S.o
LOAD /Applications/ArmGNUToolchain/15.3.rel1/arm-none-eabi/bin/../lib/gcc/arm-none-eabi/15.3.1/../../../../arm-none-eabi/lib/thumb/v8-m.main+fp/softfp/libstdc++.a
LOAD /Applications/ArmGNUToolchain/15.3.rel1/arm-none-eabi/bin/../lib/gcc/arm-none-eabi/15.3.1/../../../../arm-none-eabi/lib/thumb/v8-m.main+fp/softfp/libm.a
START GROUP
LOAD /Applications/ArmGNUToolchain/15.3.rel1/arm-none-eabi/bin/../lib/gcc/arm-none-eabi/15.3.1/thumb/v8-m.main+fp/softfp/libgcc.a
LOAD /Applications/ArmGNUToolchain/15.3.rel1/arm-none-eabi/bin/../lib/gcc/arm-none-eabi/15.3.1/../../../../arm-none-eabi/lib/thumb/v8-m.main+fp/softfp/libg.a
LOAD /Applications/ArmGNUToolchain/15.3.rel1/arm-none-eabi/bin/../lib/gcc/arm-none-eabi/15.3.1/../../../../arm-none-eabi/lib/thumb/v8-m.main+fp/softfp/libc.a
END GROUP
                0x20000000                        PROVIDE (RAM_ORIGIN = RAM_ORIGIN_DEFAULT)
                0x00080000                        PROVIDE (RAM_LENGTH = RAM_LENGTH_DEFAULT)
                0x20080000                        PROVIDE (SCRATCH_X_ORIGIN = SCRATCH_X_ORIGIN_DEFAULT)
                0x00001000                        PROVIDE (SCRATCH_X_LENGTH = SCRATCH_X_LENGTH_DEFAULT)
                0x20081000                        PROVIDE (SCRATCH_Y_ORIGIN = SCRATCH_Y_ORIGIN_DEFAULT)
                0x00001000                        PROVIDE (SCRATCH_Y_LENGTH = SCRATCH_Y_LENGTH_DEFAULT)
                0x13ffc000                        PROVIDE (XIP_RAM_ORIGIN = XIP_RAM_ORIGIN_DEFAULT)
                0x00004000                        PROVIDE (XIP_RAM_LENGTH = XIP_RAM_LENGTH_DEFAULT)
                0x20000000                        RAM_ORIGIN = DEFINED (RAM_ORIGIN)?RAM_ORIGIN:RAM_ORIGIN_DEFAULT
                0x00080000                        RAM_LENGTH = DEFINED (RAM_LENGTH)?RAM_LENGTH:RAM_LENGTH_DEFAULT
                0x20080000                        SCRATCH_X_ORIGIN = DEFINED (SCRATCH_X_ORIGIN)?SCRATCH_X_ORIGIN:SCRATCH_X_ORIGIN_DEFAULT
                0x00001000                        SCRATCH_X_LENGTH = DEFINED (SCRATCH_X_LENGTH)?SCRATCH_X_LENGTH:SCRATCH_X_LENGTH_DEFAULT
                0x20081000                        SCRATCH_Y_ORIGIN = DEFINED (SCRATCH_Y_ORIGIN)?SCRATCH_Y_ORIGIN:SCRATCH_Y_ORIGIN_DEFAULT
                0x00001000                        SCRATCH_Y_LENGTH = DEFINED (SCRATCH_Y_LENGTH)?SCRATCH_Y_LENGTH:SCRATCH_Y_LENGTH_DEFAULT
                0x13ffc000                        XIP_RAM_ORIGIN = DEFINED (XIP_RAM_ORIGIN)?XIP_RAM_ORIGIN:XIP_RAM_ORIGIN_DEFAULT
                0x00004000                        XIP_RAM_LENGTH = DEFINED (XIP_RAM_LENGTH)?XIP_RAM_LENGTH:XIP_RAM_LENGTH_DEFAULT

.flash_begin    0x10000000        0x0
                0x10000000                        __flash_binary_start = .

.text           0x10000000     0x1430
                0x10000000                        __logical_binary_start = .
 *(.vectors)
 .vectors       0x10000000      0x124 CMakeFiles/blink.dir/Users/vyl/pico/pico-sdk/src/rp2_common/pico_crt0/crt0.S.o
                0x10000000                __VECTOR_TABLE
                0x10000000                __vectors
                0x10000110                __unhandled_user_irq
                0x10000110                isr_irq49
                0x10000110                isr_irq13
                0x10000110                isr_irq43
                0x10000110                isr_irq45
                0x10000110                isr_irq27
                0x10000110                isr_irq32
                0x10000110                isr_irq31
                0x10000110                isr_irq5
                0x10000110                isr_irq11
                0x10000110                isr_irq23
                0x10000110                isr_usagefault
                0x10000110                isr_irq48
                0x10000110                isr_irq35
                0x10000110                isr_irq18
                0x10000110                isr_irq50
                0x10000110                isr_irq9
                0x10000110                isr_irq30
                0x10000110                isr_irq16
                0x10000110                isr_irq44
                0x10000110                isr_irq29
                0x10000110                isr_irq26
                0x10000110                isr_irq33
                0x10000110                isr_irq3
                0x10000110                isr_irq12
                0x10000110                isr_securefault
                0x10000110                isr_irq40
                0x10000110                isr_irq28
                0x10000110                isr_irq19
                0x10000110                isr_irq36
                0x10000110                isr_irq41
                0x10000110                isr_irq0
                0x10000110                isr_irq6
                0x10000110                isr_memmanage
                0x10000110                isr_irq37
                0x10000110                isr_irq42
                0x10000110                isr_irq22
                0x10000110                isr_irq17
                0x10000110                isr_irq38
                0x10000110                isr_irq14
                0x10000110                __vectors_end
                0x10000110                __default_isrs_start
                0x10000110                isr_irq2
                0x10000110                isr_irq10
                0x10000110                isr_irq8
                0x10000110                isr_debugmonitor
                0x10000110                isr_irq24
                0x10000110                isr_irq46
                0x10000110                isr_irq1
                0x10000110                isr_irq47
                0x10000110                isr_irq51
                0x10000110                isr_irq7
                0x10000110                isr_irq21
                0x10000110                isr_irq39
                0x10000110                isr_irq20
                0x10000110                isr_irq15
                0x10000110                isr_irq25
                0x10000110                isr_irq34
                0x10000110                isr_irq4
                0x10000110                isr_busfault
                0x10000116                unhandled_user_irq_num_in_r0
                0x10000118                isr_invalid
                0x1000011a                isr_nmi
                0x1000011c                isr_hardfault
                0x1000011e                isr_svcall
                0x10000120                isr_pendsv
                0x10000122                isr_systick
                0x10000124                __default_isrs_end
 *(.binary_info_header)
 .binary_info_header
                0x10000124       0x14 CMakeFiles/blink.dir/Users/vyl/pico/pico-sdk/src/rp2_common/pico_crt0/crt0.S.o
                0x10000138                        __binary_info_header_end = .
 *(.embedded_block)
 .embedded_block
                0x10000138       0x14 CMakeFiles/blink.dir/Users/vyl/pico/pico-sdk/src/rp2_common/pico_crt0/crt0.S.o
                0x1000014c                        __embedded_block_end = .
 *(.reset)
 .reset         0x1000014c       0x94 CMakeFiles/blink.dir/Users/vyl/pico/pico-sdk/src/rp2_common/pico_crt0/crt0.S.o
                0x1000014c                _entry_point
 *(.init)
 *libgcc.a:cmse_nonsecure_call.o()
 *(EXCLUDE_FILE(*libm.a: *lib*_a-mem*.o *libc.a: *libgcc.a:) .text*)
 .text.startup.main
                0x100001e0       0x34 CMakeFiles/blink.dir/main.cc.o
                0x100001e0                main
 .text.gpio_init
                0x10000214       0x4c CMakeFiles/blink.dir/Users/vyl/pico/pico-sdk/src/rp2_common/hardware_gpio/gpio.c.o
                0x10000214                gpio_init
 .text.panic    0x10000260       0x30 CMakeFiles/blink.dir/Users/vyl/pico/pico-sdk/src/rp2_common/pico_platform_panic/panic.c.o
                0x10000260                panic
 .text.hw_claim_or_assert
                0x10000290       0x58 CMakeFiles/blink.dir/Users/vyl/pico/pico-sdk/src/common/hardware_claim/claim.c.o
                0x10000290                hw_claim_or_assert
 .text.next_striped_spin_lock_num
                0x100002e8       0x18 CMakeFiles/blink.dir/Users/vyl/pico/pico-sdk/src/rp2_common/hardware_sync/sync.c.o
                0x100002e8                next_striped_spin_lock_num
 .text.spinlock_set_extexclall
                0x10000300       0x10 CMakeFiles/blink.dir/Users/vyl/pico/pico-sdk/src/rp2_common/hardware_sync_spin_lock/sync_spin_lock.c.o
 .text.spin_locks_reset
                0x10000310       0x18 CMakeFiles/blink.dir/Users/vyl/pico/pico-sdk/src/rp2_common/hardware_sync_spin_lock/sync_spin_lock.c.o
                0x10000310                spin_locks_reset
 .text.runtime_init_per_core_irq_priorities
                0x10000328       0x40 CMakeFiles/blink.dir/Users/vyl/pico/pico-sdk/src/rp2_common/hardware_irq/irq.c.o
                0x10000328                runtime_init_per_core_irq_priorities
 .text.irq_set_enabled
                0x10000368       0x2c CMakeFiles/blink.dir/Users/vyl/pico/pico-sdk/src/rp2_common/hardware_irq/irq.c.o
                0x10000368                irq_set_enabled
 .text.irq_set_exclusive_handler
                0x10000394       0x64 CMakeFiles/blink.dir/Users/vyl/pico/pico-sdk/src/rp2_common/hardware_irq/irq.c.o
                0x10000394                irq_set_exclusive_handler
 .text.lock_init
                0x100003f8        0xc CMakeFiles/blink.dir/Users/vyl/pico/pico-sdk/src/common/pico_sync/lock_core.c.o
                0x100003f8                lock_init
 .text.runtime_init_mutex
                0x10000404       0x4c CMakeFiles/blink.dir/Users/vyl/pico/pico-sdk/src/common/pico_sync/mutex.c.o
                0x10000404                runtime_init_mutex
 .text.sleep_until_callback
                0x10000450       0x4c CMakeFiles/blink.dir/Users/vyl/pico/pico-sdk/src/common/pico_time/time.c.o
 *fill*         0x1000049c        0x4 
 .text.alarm_pool_irq_handler
                0x100004a0      0x2ec CMakeFiles/blink.dir/Users/vyl/pico/pico-sdk/src/common/pico_time/time.c.o
 .text.runtime_init_default_alarm_pool
                0x1000078c      0x104 CMakeFiles/blink.dir/Users/vyl/pico/pico-sdk/src/common/pico_time/time.c.o
                0x1000078c                runtime_init_default_alarm_pool
 .text.alarm_pool_add_alarm_at_force_in_context
                0x10000890       0xcc CMakeFiles/blink.dir/Users/vyl/pico/pico-sdk/src/common/pico_time/time.c.o
                0x10000890                alarm_pool_add_alarm_at_force_in_context
 .text.alarm_pool_cancel_alarm
                0x1000095c       0x84 CMakeFiles/blink.dir/Users/vyl/pico/pico-sdk/src/common/pico_time/time.c.o
                0x1000095c                alarm_pool_cancel_alarm
 .text.sleep_ms
                0x100009e0       0xf8 CMakeFiles/blink.dir/Users/vyl/pico/pico-sdk/src/common/pico_time/time.c.o
                0x100009e0                sleep_ms
 .text.best_effort_wfe_or_timeout
                0x10000ad8      0x12c CMakeFiles/blink.dir/Users/vyl/pico/pico-sdk/src/common/pico_time/time.c.o
                0x10000ad8                best_effort_wfe_or_timeout
 .text.timer_hardware_alarm_claim
                0x10000c04       0x24 CMakeFiles/blink.dir/Users/vyl/pico/pico-sdk/src/rp2_common/hardware_timer/timer.c.o
                0x10000c04                timer_hardware_alarm_claim
 .text.timer_time_us_64
                0x10000c28       0x10 CMakeFiles/blink.dir/Users/vyl/pico/pico-sdk/src/rp2_common/hardware_timer/timer.c.o
                0x10000c28                timer_time_us_64
 .text.time_us_64
                0x10000c38       0x14 CMakeFiles/blink.dir/Users/vyl/pico/pico-sdk/src/rp2_common/hardware_timer/timer.c.o
                0x10000c38                time_us_64
 .text.busy_wait_until
                0x10000c4c       0x24 CMakeFiles/blink.dir/Users/vyl/pico/pico-sdk/src/rp2_common/hardware_timer/timer.c.o
                0x10000c4c                busy_wait_until
 .text.clock_configure_undivided
                0x10000c70       0xdc CMakeFiles/blink.dir/Users/vyl/pico/pico-sdk/src/rp2_common/hardware_clocks/clocks.c.o
                0x10000c70                clock_configure_undivided
 .text.clock_get_hz
                0x10000d4c        0xc CMakeFiles/blink.dir/Users/vyl/pico/pico-sdk/src/rp2_common/hardware_clocks/clocks.c.o
                0x10000d4c                clock_get_hz
 .text.pll_init
                0x10000d58       0x90 CMakeFiles/blink.dir/Users/vyl/pico/pico-sdk/src/rp2_common/hardware_pll/pll.c.o
                0x10000d58                pll_init
 .text.tick_start
                0x10000de8       0x18 CMakeFiles/blink.dir/Users/vyl/pico/pico-sdk/src/rp2_common/hardware_ticks/ticks.c.o
                0x10000de8                tick_start
 .text.rom_func_lookup
                0x10000e00       0x18 CMakeFiles/blink.dir/Users/vyl/pico/pico-sdk/src/rp2_common/pico_bootrom/bootrom.c.o
                0x10000e00                rom_func_lookup
 .text.runtime_init_bootrom_locking_enable
                0x10000e18       0x14 CMakeFiles/blink.dir/Users/vyl/pico/pico-sdk/src/rp2_common/pico_bootrom/bootrom_lock.c.o
                0x10000e18                runtime_init_bootrom_locking_enable
 .text.runtime_init_boot_locks_reset
                0x10000e2c       0x1c CMakeFiles/blink.dir/Users/vyl/pico/pico-sdk/src/rp2_common/hardware_boot_lock/boot_lock.c.o
                0x10000e2c                runtime_init_boot_locks_reset
 .text.xosc_init
                0x10000e48       0x2c CMakeFiles/blink.dir/Users/vyl/pico/pico-sdk/src/rp2_common/hardware_xosc/xosc.c.o
                0x10000e48                xosc_init
 .text.first_per_core_initializer
                0x10000e74        0x4 CMakeFiles/blink.dir/Users/vyl/pico/pico-sdk/src/rp2_common/pico_runtime/runtime.c.o
 .text.hard_assertion_failure
                0x10000e78        0xc CMakeFiles/blink.dir/Users/vyl/pico/pico-sdk/src/rp2_common/pico_runtime/runtime.c.o
                0x10000e78                hard_assertion_failure
 .text.runtime_run_initializers
                0x10000e84       0x20 CMakeFiles/blink.dir/Users/vyl/pico/pico-sdk/src/rp2_common/pico_runtime/runtime.c.o
                0x10000e84                runtime_run_initializers
 .text.runtime_init_early_resets
                0x10000ea4       0x30 CMakeFiles/blink.dir/Users/vyl/pico/pico-sdk/src/rp2_common/pico_runtime_init/runtime_init.c.o
                0x10000ea4                runtime_init_early_resets
 .text.runtime_init_usb_power_down
                0x10000ed4       0x1c CMakeFiles/blink.dir/Users/vyl/pico/pico-sdk/src/rp2_common/pico_runtime_init/runtime_init.c.o
                0x10000ed4                runtime_init_usb_power_down
 .text.runtime_init_per_core_enable_coprocessors
                0x10000ef0       0x1c CMakeFiles/blink.dir/Users/vyl/pico/pico-sdk/src/rp2_common/pico_runtime_init/runtime_init.c.o
                0x10000ef0                runtime_init_per_core_enable_coprocessors
 .text.runtime_init_post_clock_resets
                0x10000f0c       0x20 CMakeFiles/blink.dir/Users/vyl/pico/pico-sdk/src/rp2_common/pico_runtime_init/runtime_init.c.o
                0x10000f0c                runtime_init_post_clock_resets
 .text.runtime_init_bootrom_reset
                0x10000f2c       0x14 CMakeFiles/blink.dir/Users/vyl/pico/pico-sdk/src/rp2_common/pico_runtime_init/runtime_init.c.o
                0x10000f2c                runtime_init_bootrom_reset
 .text.runtime_init_per_core_bootrom_reset
                0x10000f40       0x14 CMakeFiles/blink.dir/Users/vyl/pico/pico-sdk/src/rp2_common/pico_runtime_init/runtime_init.c.o
                0x10000f40                runtime_init_per_core_bootrom_reset
 .text.runtime_init_spin_locks_reset
                0x10000f54        0x4 CMakeFiles/blink.dir/Users/vyl/pico/pico-sdk/src/rp2_common/pico_runtime_init/runtime_init.c.o
                0x10000f54                runtime_init_spin_locks_reset
 .text.runtime_init_install_ram_vector_table
                0x10000f58       0x64 CMakeFiles/blink.dir/Users/vyl/pico/pico-sdk/src/rp2_common/pico_runtime_init/runtime_init.c.o
                0x10000f58                runtime_init_install_ram_vector_table
 .text.runtime_init_clocks
                0x10000fbc       0xdc CMakeFiles/blink.dir/Users/vyl/pico/pico-sdk/src/rp2_common/pico_runtime_init/runtime_init_clocks.c.o
                0x10000fbc                runtime_init_clocks
 .text._out_char
                0x10001098        0x8 CMakeFiles/blink.dir/Users/vyl/pico/pico-sdk/src/rp2_common/pico_printf/printf.c.o
 .text.weak_raw_vprintf
                0x100010a0       0x30 CMakeFiles/blink.dir/Users/vyl/pico/pico-sdk/src/rp2_common/pico_printf/printf.c.o
                0x100010a0                weak_raw_vprintf
 .text._exit    0x100010d0        0x4 CMakeFiles/blink.dir/Users/vyl/pico/pico-sdk/src/rp2_common/pico_clib_interface/newlib_interface.c.o
                0x100010d0                _exit
 .text._fini    0x100010d4        0x4 CMakeFiles/blink.dir/Users/vyl/pico/pico-sdk/src/rp2_common/pico_clib_interface/newlib_interface.c.o
                0x100010d4                _fini
 .text.exit     0x100010d8        0x8 CMakeFiles/blink.dir/Users/vyl/pico/pico-sdk/src/rp2_common/pico_clib_interface/newlib_interface.c.o
                0x100010d8                exit
 .text.runtime_init
                0x100010e0       0x24 CMakeFiles/blink.dir/Users/vyl/pico/pico-sdk/src/rp2_common/pico_clib_interface/newlib_interface.c.o
                0x100010e0                runtime_init
 .text.stdio_out_chars_no_crlf
                0x10001104        0x8 CMakeFiles/blink.dir/Users/vyl/pico/pico-sdk/src/rp2_common/pico_stdio/stdio.c.o
 .text.stdio_out_chars_crlf
                0x1000110c       0xc0 CMakeFiles/blink.dir/Users/vyl/pico/pico-sdk/src/rp2_common/pico_stdio/stdio.c.o
 .text.stdio_put_string
                0x100011cc       0xec CMakeFiles/blink.dir/Users/vyl/pico/pico-sdk/src/rp2_common/pico_stdio/stdio.c.o
                0x100011cc                stdio_put_string
 .text.__wrap_putchar
                0x100012b8       0x84 CMakeFiles/blink.dir/Users/vyl/pico/pico-sdk/src/rp2_common/pico_stdio/stdio.c.o
                0x100012b8                stdio_putchar
                0x100012b8                __wrap_putchar
 .text.__wrap_puts
                0x1000133c       0x3c CMakeFiles/blink.dir/Users/vyl/pico/pico-sdk/src/rp2_common/pico_stdio/stdio.c.o
                0x1000133c                __wrap_puts
                0x1000133c                stdio_puts
 .text.strlen   0x10001378       0x5c /Applications/ArmGNUToolchain/15.3.rel1/arm-none-eabi/bin/../lib/gcc/arm-none-eabi/15.3.1/../../../../arm-none-eabi/lib/thumb/v8-m.main+fp/softfp/libg.a(libc_a-strlen-stub.o)
                0x10001378                strlen
 *fill*         0x100013d4        0x4 
 .text.strlen.__stub
                0x100013d8       0x18 linker stubs
 *(.fini)
 *crtbegin.o(.ctors)
 *crtbegin?.o(.ctors)
 *(EXCLUDE_FILE(*crtend.o *crtend?.o) .ctors)
 *(SORT_BY_NAME(.ctors.*))
 *(.ctors)
 *crtbegin.o(.dtors)
 *crtbegin?.o(.dtors)
 *(EXCLUDE_FILE(*crtend.o *crtend?.o) .dtors)
 *(SORT_BY_NAME(.dtors.*))
 *(.dtors)
                0x100013f0                        . = ALIGN (0x4)
                [!provide]                        PROVIDE (__bothinit_array_start = .)
                0x100013f0                        PROVIDE (__preinit_array_start = .)
 *(SORT_BY_NAME(.preinit_array.*))
 .preinit_array.00050
                0x100013f0        0x4 CMakeFiles/blink.dir/Users/vyl/pico/pico-sdk/src/rp2_common/pico_runtime_init/runtime_init.c.o
                0x100013f0                __pre_init_runtime_init_bootrom_reset
 .preinit_array.00100
                0x100013f4        0x4 CMakeFiles/blink.dir/Users/vyl/pico/pico-sdk/src/rp2_common/pico_runtime_init/runtime_init.c.o
                0x100013f4                __pre_init_runtime_init_early_resets
 .preinit_array.00101
                0x100013f8        0x4 CMakeFiles/blink.dir/Users/vyl/pico/pico-sdk/src/rp2_common/pico_runtime_init/runtime_init.c.o
                0x100013f8                __pre_init_runtime_init_usb_power_down
 .preinit_array.00500
                0x100013fc        0x4 CMakeFiles/blink.dir/Users/vyl/pico/pico-sdk/src/rp2_common/pico_runtime_init/runtime_init.c.o
                0x100013fc                __pre_init_runtime_init_clocks
 .preinit_array.00600
                0x10001400        0x4 CMakeFiles/blink.dir/Users/vyl/pico/pico-sdk/src/rp2_common/pico_runtime_init/runtime_init.c.o
                0x10001400                __pre_init_runtime_init_post_clock_resets
 .preinit_array.01000
                0x10001404        0x4 CMakeFiles/blink.dir/Users/vyl/pico/pico-sdk/src/rp2_common/hardware_boot_lock/boot_lock.c.o
                0x10001404                __pre_init_runtime_init_boot_locks_reset
 .preinit_array.01000
                0x10001408        0x4 CMakeFiles/blink.dir/Users/vyl/pico/pico-sdk/src/rp2_common/pico_runtime_init/runtime_init.c.o
                0x10001408                __pre_init_runtime_init_spin_locks_reset
 .preinit_array.01010
                0x1000140c        0x4 CMakeFiles/blink.dir/Users/vyl/pico/pico-sdk/src/rp2_common/pico_bootrom/bootrom_lock.c.o
                0x1000140c                __pre_init_runtime_init_bootrom_locking_enable
 .preinit_array.01100
                0x10001410        0x4 CMakeFiles/blink.dir/Users/vyl/pico/pico-sdk/src/common/pico_sync/mutex.c.o
                0x10001410                __pre_init_runtime_init_mutex
 .preinit_array.10080
                0x10001414        0x4 CMakeFiles/blink.dir/Users/vyl/pico/pico-sdk/src/rp2_common/pico_runtime_init/runtime_init.c.o
                0x10001414                __pre_init_runtime_init_install_ram_vector_table
 .preinit_array.11000
                0x10001418        0x4 CMakeFiles/blink.dir/Users/vyl/pico/pico-sdk/src/common/pico_time/time.c.o
                0x10001418                __pre_init_runtime_init_default_alarm_pool
 .preinit_array.YYYYY
                0x1000141c        0x4 CMakeFiles/blink.dir/Users/vyl/pico/pico-sdk/src/rp2_common/pico_runtime/runtime.c.o
                0x1000141c                __pre_init_first_per_core_initializer
 .preinit_array.ZZZZZ.00051
                0x10001420        0x4 CMakeFiles/blink.dir/Users/vyl/pico/pico-sdk/src/rp2_common/pico_runtime_init/runtime_init.c.o
                0x10001420                __pre_init_runtime_init_per_core_bootrom_reset
 .preinit_array.ZZZZZ.00200
                0x10001424        0x4 CMakeFiles/blink.dir/Users/vyl/pico/pico-sdk/src/rp2_common/pico_runtime_init/runtime_init.c.o
                0x10001424                __pre_init_runtime_init_per_core_enable_coprocessors
 .preinit_array.ZZZZZ.01000
                0x10001428        0x4 CMakeFiles/blink.dir/Users/vyl/pico/pico-sdk/src/rp2_common/hardware_sync_spin_lock/sync_spin_lock.c.o
                0x10001428                __pre_init_spinlock_set_extexclall
 .preinit_array.ZZZZZ.01200
                0x1000142c        0x4 CMakeFiles/blink.dir/Users/vyl/pico/pico-sdk/src/rp2_common/hardware_irq/irq.c.o
                0x1000142c                __pre_init_runtime_init_per_core_irq_priorities
 *(.preinit_array)
                0x10001430                        PROVIDE (__preinit_array_end = .)
                0x10001430                        . = ALIGN (0x4)
                0x10001430                        PROVIDE (__init_array_start = .)
 *(SORT_BY_NAME(.init_array.*))
 *(.init_array)
                0x10001430                        PROVIDE (__init_array_end = .)
                [!provide]                        PROVIDE (__bothinit_array_end = .)
                0x10001430                        . = ALIGN (0x4)
                [!provide]                        PROVIDE (__fini_array_start = .)
 *(SORT_BY_NAME(.fini_array.*))
 *(.fini_array)
                [!provide]                        PROVIDE (__fini_array_end = .)
                [!provide]                        PROVIDE (__dso_handle = 0x0)
 *(.eh_frame*)
                0x10001430                        . = ALIGN (0x4)

.glue_7         0x10001430        0x0
 .glue_7        0x10001430        0x0 linker stubs

.glue_7t        0x10001430        0x0
 .glue_7t       0x10001430        0x0 linker stubs

.vfp11_veneer   0x10001430        0x0
 .vfp11_veneer  0x10001430        0x0 linker stubs

.v4_bx          0x10001430        0x0
 .v4_bx         0x10001430        0x0 linker stubs

.iplt           0x10001430        0x0
 .iplt          0x10001430        0x0 CMakeFiles/blink.dir/main.cc.o

.boot2          0x10001430        0x0
                0x10001430                        __boot2_start__ = .
 *(.boot2)
                0x10001430                        __boot2_end__ = .
                0x00000001                        ASSERT (((__boot2_end__ - __boot2_start__) <= 0x100), ERROR: Pico second stage bootloader must be no more than 256 bytes in size)

.rodata         0x10001430       0xd8
 *(EXCLUDE_FILE(*libm.a: *lib*_a-mem*.o *libc.a: *libgcc.a:) .rodata*)
 .rodata.panic.str1.4
                0x10001430       0x80 CMakeFiles/blink.dir/Users/vyl/pico/pico-sdk/src/rp2_common/pico_platform_panic/panic.c.o
                                 0x11 (size before relaxing)
 .rodata.timer_hardware_alarm_claim.str1.4
                0x100014b0        0x0 CMakeFiles/blink.dir/Users/vyl/pico/pico-sdk/src/rp2_common/hardware_timer/timer.c.o
                                 0x22 (size before relaxing)
 .rodata.hard_assertion_failure.str1.4
                0x100014b0        0x0 CMakeFiles/blink.dir/Users/vyl/pico/pico-sdk/src/rp2_common/pico_runtime/runtime.c.o
                                  0xc (size before relaxing)
 .rodata.str1.4
                0x100014b0        0x0 CMakeFiles/blink.dir/Users/vyl/pico/pico-sdk/src/rp2_common/pico_standard_binary_info/standard_binary_info.c.o
                                 0x3c (size before relaxing)
 .rodata.__bi_84
                0x100014b0        0xc CMakeFiles/blink.dir/Users/vyl/pico/pico-sdk/src/rp2_common/pico_standard_binary_info/standard_binary_info.c.o
 .rodata.__bi_78
                0x100014bc        0xc CMakeFiles/blink.dir/Users/vyl/pico/pico-sdk/src/rp2_common/pico_standard_binary_info/standard_binary_info.c.o
 .rodata.__bi_54
                0x100014c8        0xc CMakeFiles/blink.dir/Users/vyl/pico/pico-sdk/src/rp2_common/pico_standard_binary_info/standard_binary_info.c.o
 .rodata.__bi_48
                0x100014d4        0xc CMakeFiles/blink.dir/Users/vyl/pico/pico-sdk/src/rp2_common/pico_standard_binary_info/standard_binary_info.c.o
 .rodata.__bi_42
                0x100014e0        0xc CMakeFiles/blink.dir/Users/vyl/pico/pico-sdk/src/rp2_common/pico_standard_binary_info/standard_binary_info.c.o
 .rodata.__bi_34
                0x100014ec        0xc CMakeFiles/blink.dir/Users/vyl/pico/pico-sdk/src/rp2_common/pico_standard_binary_info/standard_binary_info.c.o
 .rodata.__bi_26
                0x100014f8        0xc CMakeFiles/blink.dir/Users/vyl/pico/pico-sdk/src/rp2_common/pico_standard_binary_info/standard_binary_info.c.o
 .rodata.crlf_str.0
                0x10001504        0x2 CMakeFiles/blink.dir/Users/vyl/pico/pico-sdk/src/rp2_common/pico_stdio/stdio.c.o
 *(.srodata*)
                0x10001508                        . = ALIGN (0x4)
 *fill*         0x10001506        0x2 
 *(SORT_BY_ALIGNMENT(SORT_BY_NAME(.flashdata*)))
                0x10001508                        . = ALIGN (0x4)

.ARM.extab
 *(.ARM.extab* .gnu.linkonce.armextab.*)
                0x10001508                        __exidx_start = .

.ARM.exidx      0x10001508        0x8
 *(.ARM.exidx* .gnu.linkonce.armexidx.*)
 .ARM.exidx     0x10001508        0x8 /Applications/ArmGNUToolchain/15.3.rel1/arm-none-eabi/bin/../lib/gcc/arm-none-eabi/15.3.1/../../../../arm-none-eabi/lib/thumb/v8-m.main+fp/softfp/libg.a(libc_a-memcpy.o)
                0x10001510                        __exidx_end = .
                0x10001510                        . = ALIGN (0x4)
                0x10001510                        __binary_info_start = .

.binary_info    0x10001510       0x1c
 *(.binary_info.keep.*)
 .binary_info.keep.__bi_ptr84
                0x10001510        0x4 CMakeFiles/blink.dir/Users/vyl/pico/pico-sdk/src/rp2_common/pico_standard_binary_info/standard_binary_info.c.o
 .binary_info.keep.__bi_ptr78
                0x10001514        0x4 CMakeFiles/blink.dir/Users/vyl/pico/pico-sdk/src/rp2_common/pico_standard_binary_info/standard_binary_info.c.o
 .binary_info.keep.__bi_ptr54
                0x10001518        0x4 CMakeFiles/blink.dir/Users/vyl/pico/pico-sdk/src/rp2_common/pico_standard_binary_info/standard_binary_info.c.o
 .binary_info.keep.__bi_ptr48
                0x1000151c        0x4 CMakeFiles/blink.dir/Users/vyl/pico/pico-sdk/src/rp2_common/pico_standard_binary_info/standard_binary_info.c.o
 .binary_info.keep.__bi_ptr42
                0x10001520        0x4 CMakeFiles/blink.dir/Users/vyl/pico/pico-sdk/src/rp2_common/pico_standard_binary_info/standard_binary_info.c.o
 .binary_info.keep.__bi_ptr34
                0x10001524        0x4 CMakeFiles/blink.dir/Users/vyl/pico/pico-sdk/src/rp2_common/pico_standard_binary_info/standard_binary_info.c.o
 .binary_info.keep.__bi_ptr26
                0x10001528        0x4 CMakeFiles/blink.dir/Users/vyl/pico/pico-sdk/src/rp2_common/pico_standard_binary_info/standard_binary_info.c.o
 *(.binary_info.*)
                0x1000152c                        __binary_info_end = .
                0x1000152c                        . = ALIGN (0x4)

.psram_load     0x11000000        0x0 load address 0x1000152c
                0x11000000                        __psram_start__ = .
                0x11000000                        __psram_load_start__ = .
 *(SORT_BY_NAME(.psram_initialised.*))
                0x11000000                        . = ALIGN (0x4)
                0x11000000                        __psram_load_end__ = .
                0x1000152c                        __psram_load_source__ = LOADADDR (.psram_load)

.psram_noload   0x11000000        0x0 load address 0x1000152c
 *(SORT_BY_NAME(.psram_uninitialised.*))
                0x11000000                        . = ALIGN (0x4)
                0x11000000                        __psram_end__ = .

.xip_ram        0x13ffc000        0x0 load address 0x1000152c
                0x13ffc000                        __xip_ram_start__ = .
                0x13ffc000                        . = ALIGN (0x4)
 *(.xip_ram*)
                0x13ffc000                        . = ALIGN (0x4)
                0x13ffc000                        __xip_ram_end__ = .
                0x1000152c                        __xip_ram_source__ = LOADADDR (.xip_ram)

.ram_vector_table
                0x20000000      0x110
 *(.ram_vector_table)
 .ram_vector_table
                0x20000000      0x110 CMakeFiles/blink.dir/Users/vyl/pico/pico-sdk/src/rp2_common/pico_runtime_init/runtime_init.c.o
                0x20000000                ram_vector_table

.uninitialized_data
                0x20000110        0x0
                0x20000110                        . = ALIGN (0x4)
 *(.uninitialized_data*)

.data           0x20000110      0x288 load address 0x1000152c
                0x20000110                        __data_start__ = .
 *(vtable)
 *(.time_critical*)
 .time_critical.mutex_try_enter
                0x20000110       0x50 CMakeFiles/blink.dir/Users/vyl/pico/pico-sdk/src/common/pico_sync/mutex.c.o
                0x20000110                mutex_try_enter
 .time_critical.mutex_enter_block_until
                0x20000160       0x90 CMakeFiles/blink.dir/Users/vyl/pico/pico-sdk/src/common/pico_sync/mutex.c.o
                0x20000160                mutex_enter_block_until
 .time_critical.mutex_try_enter_block_until
                0x200001f0       0x38 CMakeFiles/blink.dir/Users/vyl/pico/pico-sdk/src/common/pico_sync/mutex.c.o
                0x200001f0                mutex_try_enter_block_until
 .time_critical.mutex_exit
                0x20000228       0x48 CMakeFiles/blink.dir/Users/vyl/pico/pico-sdk/src/common/pico_sync/mutex.c.o
                0x20000228                mutex_exit
 *(.text*)
 .text          0x20000270       0xec /Applications/ArmGNUToolchain/15.3.rel1/arm-none-eabi/bin/../lib/gcc/arm-none-eabi/15.3.1/../../../../arm-none-eabi/lib/thumb/v8-m.main+fp/softfp/libg.a(libc_a-memcpy.o)
                0x20000270                memcpy
 *fill*         0x2000035c        0x4 
 .text.__stub   0x20000360        0x8 linker stubs
                0x20000368                        . = ALIGN (0x4)
 *(.rodata*)
                0x20000368                        . = ALIGN (0x4)
                [!provide]                        PROVIDE (__emutls_array_start = .)
 *(.*.__emutls_v.*)
                [!provide]                        PROVIDE (__emutls_array_end = .)
                0x20000368                        . = ALIGN (0x4)
 *(.data*)
 .data.striped_spin_lock_num
                0x20000368        0x1 CMakeFiles/blink.dir/Users/vyl/pico/pico-sdk/src/rp2_common/hardware_sync/sync.c.o
 *fill*         0x20000369        0x7 
 .data.last_added.0
                0x20000370        0x8 CMakeFiles/blink.dir/Users/vyl/pico/pico-sdk/src/common/pico_time/time.c.o
 .data.default_alarm_pool
                0x20000378       0x18 CMakeFiles/blink.dir/Users/vyl/pico/pico-sdk/src/common/pico_time/time.c.o
 *(.sdata*)
                0x20000390                        . = ALIGN (0x4)
 *(.after_data.*)
                0x20000390                        . = ALIGN (0x4)
                0x20000390                        PROVIDE (__mutex_array_start = .)
 *(SORT_BY_NAME(.mutex_array.*))
 *(.mutex_array)
 .mutex_array   0x20000390        0x8 CMakeFiles/blink.dir/Users/vyl/pico/pico-sdk/src/rp2_common/pico_stdio/stdio.c.o
                0x20000398                        PROVIDE (__mutex_array_end = .)
 *(.jcr)
                0x20000398                        . = ALIGN (0x4)

.igot.plt       0x20000398        0x0 load address 0x100017b4
 .igot.plt      0x20000398        0x0 CMakeFiles/blink.dir/main.cc.o

.tdata          0x20000398        0x0 load address 0x100017b4
                0x20000398                        . = ALIGN (0x4)
 *(.tdata .tdata.* .gnu.linkonce.td.*)
                0x20000398                        __tdata_end = .
                0x20000398                        PROVIDE (__data_end__ = .)
                0x1000152c                        __etext = LOADADDR (.data)
                0x20000398                        . = ALIGN (0x4)

.tbss           0x20000398        0x0 load address 0x100017b4
                0x20000398                        __bss_start__ = .
                0x20000398                        __tls_base = .
 *(.tbss .tbss.* .gnu.linkonce.tb.*)
 *(.tcommon)
                0x20000398                        . = ALIGN (0x4)
                0x20000398                        __tls_end = .

.tbss_space     0x20000398        0x0 load address 0x100017b4
                0x20000398                        . = (__bss_start__ + SIZEOF (.tbss))

.bss            0x20000398      0x200 load address 0x100017b4
                0x20000398                        . = ALIGN (0x4)
                0x20000398                        __tbss_end = .
 *(SORT_BY_ALIGNMENT(SORT_BY_NAME(.bss*)))
 .bss.default_alarm_pool_entries
                0x20000398      0x180 CMakeFiles/blink.dir/Users/vyl/pico/pico-sdk/src/common/pico_time/time.c.o
 .bss._sw_spin_locks
                0x20000518       0x20 CMakeFiles/blink.dir/Users/vyl/pico/pico-sdk/src/rp2_common/hardware_sync_spin_lock/sync_spin_lock.c.o
                0x20000518                _sw_spin_locks
 .bss.claimed   0x20000538        0x2 CMakeFiles/blink.dir/Users/vyl/pico/pico-sdk/src/rp2_common/hardware_timer/timer.c.o
 *fill*         0x2000053a        0x2 
 .bss.configured_freq
                0x2000053c       0x28 CMakeFiles/blink.dir/Users/vyl/pico/pico-sdk/src/rp2_common/hardware_clocks/clocks.c.o
 .bss.drivers   0x20000564        0x4 CMakeFiles/blink.dir/Users/vyl/pico/pico-sdk/src/rp2_common/pico_stdio/stdio.c.o
 .bss.filter    0x20000568        0x4 CMakeFiles/blink.dir/Users/vyl/pico/pico-sdk/src/rp2_common/pico_stdio/stdio.c.o
 .bss.lazy_vsnprintf
                0x2000056c        0x4 CMakeFiles/blink.dir/Users/vyl/pico/pico-sdk/src/rp2_common/pico_printf/printf.c.o
 .bss.pools     0x20000570       0x20 CMakeFiles/blink.dir/Users/vyl/pico/pico-sdk/src/common/pico_time/time.c.o
 .bss.sleep_notifier
                0x20000590        0x4 CMakeFiles/blink.dir/Users/vyl/pico/pico-sdk/src/common/pico_time/time.c.o
 .bss.lock_internal_notify_count
                0x20000594        0x1 CMakeFiles/blink.dir/Users/vyl/pico/pico-sdk/src/common/pico_sync/lock_core.c.o
                0x20000594                lock_internal_notify_count
 *(COMMON)
                [!provide]                        PROVIDE (__global_pointer$ = (. + 0x800))
 *(.sbss*)
                0x20000598                        . = ALIGN (0x4)
 *fill*         0x20000595        0x3 
                0x20000598                        __bss_end__ = .
                [!provide]                        PROVIDE (__tls_start = SIZEOF (.tdata)?ADDR (.tdata):ADDR (.tbss))
                [!provide]                        PROVIDE (__tls_size = (__tls_end - __tls_start))
                0x00000001                        PROVIDE (__tls_align = MAX (ALIGNOF (.tdata), ALIGNOF (.tbss)))
                [!provide]                        PROVIDE (__tls_size_align = ALIGN (__tls_size, __tls_align))
                0x00000008                        PROVIDE (__arm32_tls_tcb_offset = MAX (0x8, __tls_align))
                0x00000000                        PROVIDE (__tdata_size = SIZEOF (.tdata))
                0x100017b4                        PROVIDE (__tdata_source = LOADADDR (.tdata))
                0x00000000                        PROVIDE (__tbss_size = SIZEOF (.tbss))
                [!provide]                        PROVIDE (__tbss_offset = (ADDR (.tbss) - __tls_start))

.tlsX_not_needed_marker
 *(.tlsX_not_needed_marker)
                [!provide]                        PROVIDE (__tlsX_align = (SIZEOF (.tlsX_not_needed_marker) > 0x0)?0x4:__tls_align)
                [!provide]                        PROVIDE (__tlsX_size_align = (SIZEOF (.tlsX_not_needed_marker) > 0x0)?0x0:__tls_size_align)
                0x20000398                        __tls_start = DEFINED (__tls_start)?__tls_start:SIZEOF (.tdata)?ADDR (.tdata):ADDR (.tbss)
                0x00000000                        __tls_size = DEFINED (__tls_size)?__tls_size:(__tls_end - __tls_start)
                0x00000001                        __tls_align = DEFINED (__tls_align)?__tls_align:MAX (ALIGNOF (.tdata), ALIGNOF (.tbss))
                0x00000000                        __tls_size_align = DEFINED (__tls_size_align)?__tls_size_align:ALIGN (__tls_size, __tls_align)
                0x00000008                        __arm32_tls_tcb_offset = DEFINED (__arm32_tls_tcb_offset)?__arm32_tls_tcb_offset:MAX (0x8, __tls_align)
                0x00000000                        __tdata_size = DEFINED (__tdata_size)?__tdata_size:SIZEOF (.tdata)
                0x100017b4                        __tdata_source = DEFINED (__tdata_source)?__tdata_source:LOADADDR (.tdata)
                0x00000000                        __tbss_size = DEFINED (__tbss_size)?__tbss_size:SIZEOF (.tbss)
                0x00000000                        __tbss_offset = DEFINED (__tbss_offset)?__tbss_offset:(ADDR (.tbss) - __tls_start)
                0x00000001                        __tlsX_align = DEFINED (__tlsX_align)?__tlsX_align:(SIZEOF (.tlsX_not_needed_marker) > 0x0)?0x4:__tls_align
                0x00000000                        __tlsX_size_align = DEFINED (__tlsX_size_align)?__tlsX_size_align:(SIZEOF (.tlsX_not_needed_marker) > 0x0)?0x0:__tls_size_align

.tls0           0x20000598        0x0 load address 0x100017b4
                0x20000598                        . = ALIGN (__tlsX_align)
                0x20000598                        PROVIDE (__tls0_base = .)
                0x20000598                        . = (. + __tlsX_size_align)

.tls1           0x20000598        0x0 load address 0x100017b4
                0x20000598                        . = ALIGN (__tlsX_align)
                0x20000598                        PROVIDE (__tls1_base = .)
                0x20000598                        . = (. + __tlsX_size_align)

.persistent_data
                0x20000598        0x0 load address 0x100017b4
                0x20000598                        __persistent_data_start__ = .
 *(.persistent_data*)
                0x20000598                        . = ALIGN (0x4)
                [!provide]                        PROVIDE (__persistent_data_end__ = .)

.dummy_pre_heap
                0x20000598        0x0 load address 0x100017b4
                0x20000598                        . = .

.heap           0x20000598      0x800
                0x20000598                        __end__ = .
                0x20000598                        end = __end__
 *(.heap*)
 .heap          0x20000598      0x800 CMakeFiles/blink.dir/Users/vyl/pico/pico-sdk/src/rp2_common/pico_crt0/crt0.S.o
                0x20080000                        __HeapLimit = DEFINED (HEAP_LIMIT)?HEAP_LIMIT:(ORIGIN (RAM) + LENGTH (RAM))

.scratch_x      0x20080000        0x0 load address 0x100017b4
                0x20080000                        __scratch_x_start__ = .
 *(.scratch_x.*)
                0x20080000                        . = ALIGN (0x4)
                0x20080000                        __scratch_x_end__ = .
                0x100017b4                        __scratch_x_source__ = LOADADDR (.scratch_x)

.scratch_y      0x20081000        0x0 load address 0x100017b4
                0x20081000                        __scratch_y_start__ = .
 *(.scratch_y.*)
                0x20081000                        . = ALIGN (0x4)
                0x20081000                        __scratch_y_end__ = .
                0x100017b4                        __scratch_y_source__ = LOADADDR (.scratch_y)

.stack1_dummy
 *(.stack1*)

.stack_dummy    0x20081000      0x800
 *(.stack*)
 .stack         0x20081000      0x800 CMakeFiles/blink.dir/Users/vyl/pico/pico-sdk/src/rp2_common/pico_crt0/crt0.S.o

.flash_end      0x100017b4       0x14
 *(.embedded_end_block*)
 .embedded_end_block
                0x100017b4       0x14 CMakeFiles/blink.dir/Users/vyl/pico/pico-sdk/src/rp2_common/pico_crt0/crt0.S.o
                0x100017c8                        PROVIDE (__flash_binary_end = .)
                0x20080000                        __StackLimit = (ORIGIN (RAM) + LENGTH (RAM))
                0x20081000                        __StackOneTop = (ORIGIN (SCRATCH_X) + LENGTH (SCRATCH_X))
                0x20082000                        __StackTop = (ORIGIN (SCRATCH_Y) + LENGTH (SCRATCH_Y))
                0x20081000                        __StackOneBottom = (__StackOneTop - SIZEOF (.stack1_dummy))
                0x20081800                        __StackBottom = (__StackTop - SIZEOF (.stack_dummy))
                [!provide]                        PROVIDE (__stack = __StackTop)
                [!provide]                        PROVIDE (__heap_start = __end__)
                [!provide]                        PROVIDE (__heap_end = __HeapLimit)
                0x00000001                        PROVIDE (__tls_align = MAX (ALIGNOF (.tdata), ALIGNOF (.tbss)))
                [!provide]                        PROVIDE (__tls_size_align = (((__tls_size + __tls_align) - 0x1) & ~ ((__tls_align - 0x1))))
                0x00000008                        PROVIDE (__arm32_tls_tcb_offset = MAX (0x8, __tls_align))
                [!provide]                        PROVIDE (_end = __end__)
                [!provide]                        PROVIDE (__llvm_libc_heap_limit = __HeapLimit)
                0x00000001                        ASSERT ((__StackLimit >= __HeapLimit), region RAM overflowed)
                0x00000001                        ASSERT (((__binary_info_header_end - __logical_binary_start) <= 0x400), Binary info must be in first 1024 bytes of the binary)
                0x00000001                        ASSERT (((__embedded_block_end - __logical_binary_start) <= 0x1000), Embedded block must be in first 4096 bytes of the binary)
OUTPUT(blink.elf elf32-littlearm)
LOAD linker stubs

.rel.dyn        0x100017c8        0x0
 .rel.iplt      0x100017c8        0x0 CMakeFiles/blink.dir/main.cc.o

.debug_info     0x00000000    0x1d8b4
 .debug_info    0x00000000      0x3f4 CMakeFiles/blink.dir/main.cc.o
 .debug_info    0x000003f4     0x2364 CMakeFiles/blink.dir/Users/vyl/pico/pico-sdk/src/rp2_common/hardware_gpio/gpio.c.o
 .debug_info    0x00002758      0x1c4 CMakeFiles/blink.dir/Users/vyl/pico/pico-sdk/src/rp2_common/pico_platform_panic/panic.c.o
 .debug_info    0x0000291c      0xb40 CMakeFiles/blink.dir/Users/vyl/pico/pico-sdk/src/common/hardware_claim/claim.c.o
 .debug_info    0x0000345c      0x474 CMakeFiles/blink.dir/Users/vyl/pico/pico-sdk/src/rp2_common/hardware_sync/sync.c.o
 .debug_info    0x000038d0     0x1382 CMakeFiles/blink.dir/Users/vyl/pico/pico-sdk/src/rp2_common/hardware_sync_spin_lock/sync_spin_lock.c.o
 .debug_info    0x00004c52     0x2662 CMakeFiles/blink.dir/Users/vyl/pico/pico-sdk/src/rp2_common/hardware_irq/irq.c.o
 .debug_info    0x000072b4      0x2f7 CMakeFiles/blink.dir/Users/vyl/pico/pico-sdk/src/common/pico_sync/lock_core.c.o
 .debug_info    0x000075ab     0x1d28 CMakeFiles/blink.dir/Users/vyl/pico/pico-sdk/src/common/pico_sync/mutex.c.o
 .debug_info    0x000092d3     0x539f CMakeFiles/blink.dir/Users/vyl/pico/pico-sdk/src/common/pico_time/time.c.o
 .debug_info    0x0000e672     0x2fd2 CMakeFiles/blink.dir/Users/vyl/pico/pico-sdk/src/rp2_common/hardware_timer/timer.c.o
 .debug_info    0x00011644     0x2dfb CMakeFiles/blink.dir/Users/vyl/pico/pico-sdk/src/rp2_common/hardware_clocks/clocks.c.o
 .debug_info    0x0001443f      0x51d CMakeFiles/blink.dir/Users/vyl/pico/pico-sdk/src/rp2_common/hardware_pll/pll.c.o
 .debug_info    0x0001495c      0x272 CMakeFiles/blink.dir/Users/vyl/pico/pico-sdk/src/rp2_common/hardware_ticks/ticks.c.o
 .debug_info    0x00014bce     0x10fe CMakeFiles/blink.dir/Users/vyl/pico/pico-sdk/src/rp2_common/pico_bootrom/bootrom.c.o
 .debug_info    0x00015ccc      0x1ca CMakeFiles/blink.dir/Users/vyl/pico/pico-sdk/src/rp2_common/pico_bootrom/bootrom_lock.c.o
 .debug_info    0x00015e96      0x31c CMakeFiles/blink.dir/Users/vyl/pico/pico-sdk/src/rp2_common/hardware_boot_lock/boot_lock.c.o
 .debug_info    0x000161b2      0x1b7 CMakeFiles/blink.dir/Users/vyl/pico/pico-sdk/src/rp2_common/hardware_xosc/xosc.c.o
 .debug_info    0x00016369      0x214 CMakeFiles/blink.dir/Users/vyl/pico/pico-sdk/src/rp2_common/pico_runtime/runtime.c.o
 .debug_info    0x0001657d     0x1b6a CMakeFiles/blink.dir/Users/vyl/pico/pico-sdk/src/rp2_common/pico_runtime_init/runtime_init.c.o
 .debug_info    0x000180e7      0x7cd CMakeFiles/blink.dir/Users/vyl/pico/pico-sdk/src/rp2_common/pico_runtime_init/runtime_init_clocks.c.o
 .debug_info    0x000188b4      0x2b2 CMakeFiles/blink.dir/Users/vyl/pico/pico-sdk/src/rp2_common/pico_standard_binary_info/standard_binary_info.c.o
 .debug_info    0x00018b66     0x22cf CMakeFiles/blink.dir/Users/vyl/pico/pico-sdk/src/rp2_common/pico_printf/printf.c.o
 .debug_info    0x0001ae35       0x23 CMakeFiles/blink.dir/Users/vyl/pico/pico-sdk/src/rp2_common/pico_crt0/crt0.S.o
 .debug_info    0x0001ae58      0xc17 CMakeFiles/blink.dir/Users/vyl/pico/pico-sdk/src/rp2_common/pico_clib_interface/newlib_interface.c.o
 .debug_info    0x0001ba6f     0x1e45 CMakeFiles/blink.dir/Users/vyl/pico/pico-sdk/src/rp2_common/pico_stdio/stdio.c.o

.debug_abbrev   0x00000000     0x50b8
 .debug_abbrev  0x00000000      0x22c CMakeFiles/blink.dir/main.cc.o
 .debug_abbrev  0x0000022c      0x52c CMakeFiles/blink.dir/Users/vyl/pico/pico-sdk/src/rp2_common/hardware_gpio/gpio.c.o
 .debug_abbrev  0x00000758      0x131 CMakeFiles/blink.dir/Users/vyl/pico/pico-sdk/src/rp2_common/pico_platform_panic/panic.c.o
 .debug_abbrev  0x00000889      0x35f CMakeFiles/blink.dir/Users/vyl/pico/pico-sdk/src/common/hardware_claim/claim.c.o
 .debug_abbrev  0x00000be8      0x238 CMakeFiles/blink.dir/Users/vyl/pico/pico-sdk/src/rp2_common/hardware_sync/sync.c.o
 .debug_abbrev  0x00000e20      0x27a CMakeFiles/blink.dir/Users/vyl/pico/pico-sdk/src/rp2_common/hardware_sync_spin_lock/sync_spin_lock.c.o
 .debug_abbrev  0x0000109a      0x659 CMakeFiles/blink.dir/Users/vyl/pico/pico-sdk/src/rp2_common/hardware_irq/irq.c.o
 .debug_abbrev  0x000016f3      0x15e CMakeFiles/blink.dir/Users/vyl/pico/pico-sdk/src/common/pico_sync/lock_core.c.o
 .debug_abbrev  0x00001851      0x4b5 CMakeFiles/blink.dir/Users/vyl/pico/pico-sdk/src/common/pico_sync/mutex.c.o
 .debug_abbrev  0x00001d06      0x67f CMakeFiles/blink.dir/Users/vyl/pico/pico-sdk/src/common/pico_time/time.c.o
 .debug_abbrev  0x00002385      0x50d CMakeFiles/blink.dir/Users/vyl/pico/pico-sdk/src/rp2_common/hardware_timer/timer.c.o
 .debug_abbrev  0x00002892      0x58f CMakeFiles/blink.dir/Users/vyl/pico/pico-sdk/src/rp2_common/hardware_clocks/clocks.c.o
 .debug_abbrev  0x00002e21      0x1ac CMakeFiles/blink.dir/Users/vyl/pico/pico-sdk/src/rp2_common/hardware_pll/pll.c.o
 .debug_abbrev  0x00002fcd      0x15b CMakeFiles/blink.dir/Users/vyl/pico/pico-sdk/src/rp2_common/hardware_ticks/ticks.c.o
 .debug_abbrev  0x00003128      0x481 CMakeFiles/blink.dir/Users/vyl/pico/pico-sdk/src/rp2_common/pico_bootrom/bootrom.c.o
 .debug_abbrev  0x000035a9      0x110 CMakeFiles/blink.dir/Users/vyl/pico/pico-sdk/src/rp2_common/pico_bootrom/bootrom_lock.c.o
 .debug_abbrev  0x000036b9      0x1f3 CMakeFiles/blink.dir/Users/vyl/pico/pico-sdk/src/rp2_common/hardware_boot_lock/boot_lock.c.o
 .debug_abbrev  0x000038ac      0x11e CMakeFiles/blink.dir/Users/vyl/pico/pico-sdk/src/rp2_common/hardware_xosc/xosc.c.o
 .debug_abbrev  0x000039ca      0x193 CMakeFiles/blink.dir/Users/vyl/pico/pico-sdk/src/rp2_common/pico_runtime/runtime.c.o
 .debug_abbrev  0x00003b5d      0x328 CMakeFiles/blink.dir/Users/vyl/pico/pico-sdk/src/rp2_common/pico_runtime_init/runtime_init.c.o
 .debug_abbrev  0x00003e85      0x2bf CMakeFiles/blink.dir/Users/vyl/pico/pico-sdk/src/rp2_common/pico_runtime_init/runtime_init_clocks.c.o
 .debug_abbrev  0x00004144       0xcd CMakeFiles/blink.dir/Users/vyl/pico/pico-sdk/src/rp2_common/pico_standard_binary_info/standard_binary_info.c.o
 .debug_abbrev  0x00004211      0x51f CMakeFiles/blink.dir/Users/vyl/pico/pico-sdk/src/rp2_common/pico_printf/printf.c.o
 .debug_abbrev  0x00004730       0x12 CMakeFiles/blink.dir/Users/vyl/pico/pico-sdk/src/rp2_common/pico_crt0/crt0.S.o
 .debug_abbrev  0x00004742      0x37a CMakeFiles/blink.dir/Users/vyl/pico/pico-sdk/src/rp2_common/pico_clib_interface/newlib_interface.c.o
 .debug_abbrev  0x00004abc      0x5fc CMakeFiles/blink.dir/Users/vyl/pico/pico-sdk/src/rp2_common/pico_stdio/stdio.c.o

.debug_loclists
                0x00000000     0xeba5
 .debug_loclists
                0x00000000       0xc8 CMakeFiles/blink.dir/main.cc.o
 .debug_loclists
                0x000000c8     0x1932 CMakeFiles/blink.dir/Users/vyl/pico/pico-sdk/src/rp2_common/hardware_gpio/gpio.c.o
 .debug_loclists
                0x000019fa      0x3ec CMakeFiles/blink.dir/Users/vyl/pico/pico-sdk/src/common/hardware_claim/claim.c.o
 .debug_loclists
                0x00001de6      0x132 CMakeFiles/blink.dir/Users/vyl/pico/pico-sdk/src/rp2_common/hardware_sync/sync.c.o
 .debug_loclists
                0x00001f18       0xa2 CMakeFiles/blink.dir/Users/vyl/pico/pico-sdk/src/rp2_common/hardware_sync_spin_lock/sync_spin_lock.c.o
 .debug_loclists
                0x00001fba      0xf20 CMakeFiles/blink.dir/Users/vyl/pico/pico-sdk/src/rp2_common/hardware_irq/irq.c.o
 .debug_loclists
                0x00002eda       0x17 CMakeFiles/blink.dir/Users/vyl/pico/pico-sdk/src/common/pico_sync/lock_core.c.o
 .debug_loclists
                0x00002ef1      0x926 CMakeFiles/blink.dir/Users/vyl/pico/pico-sdk/src/common/pico_sync/mutex.c.o
 .debug_loclists
                0x00003817     0x2c6f CMakeFiles/blink.dir/Users/vyl/pico/pico-sdk/src/common/pico_time/time.c.o
 .debug_loclists
                0x00006486     0x1891 CMakeFiles/blink.dir/Users/vyl/pico/pico-sdk/src/rp2_common/hardware_timer/timer.c.o
 .debug_loclists
                0x00007d17     0x201a CMakeFiles/blink.dir/Users/vyl/pico/pico-sdk/src/rp2_common/hardware_clocks/clocks.c.o
 .debug_loclists
                0x00009d31      0x19f CMakeFiles/blink.dir/Users/vyl/pico/pico-sdk/src/rp2_common/hardware_pll/pll.c.o
 .debug_loclists
                0x00009ed0       0x8b CMakeFiles/blink.dir/Users/vyl/pico/pico-sdk/src/rp2_common/hardware_ticks/ticks.c.o
 .debug_loclists
                0x00009f5b      0x88c CMakeFiles/blink.dir/Users/vyl/pico/pico-sdk/src/rp2_common/pico_bootrom/bootrom.c.o
 .debug_loclists
                0x0000a7e7       0x28 CMakeFiles/blink.dir/Users/vyl/pico/pico-sdk/src/rp2_common/pico_bootrom/bootrom_lock.c.o
 .debug_loclists
                0x0000a80f       0x85 CMakeFiles/blink.dir/Users/vyl/pico/pico-sdk/src/rp2_common/hardware_boot_lock/boot_lock.c.o
 .debug_loclists
                0x0000a894       0x48 CMakeFiles/blink.dir/Users/vyl/pico/pico-sdk/src/rp2_common/hardware_xosc/xosc.c.o
 .debug_loclists
                0x0000a8dc       0x7e CMakeFiles/blink.dir/Users/vyl/pico/pico-sdk/src/rp2_common/pico_runtime/runtime.c.o
 .debug_loclists
                0x0000a95a      0x11f CMakeFiles/blink.dir/Users/vyl/pico/pico-sdk/src/rp2_common/pico_runtime_init/runtime_init.c.o
 .debug_loclists
                0x0000aa79       0x74 CMakeFiles/blink.dir/Users/vyl/pico/pico-sdk/src/rp2_common/pico_runtime_init/runtime_init_clocks.c.o
 .debug_loclists
                0x0000aaed     0x3073 CMakeFiles/blink.dir/Users/vyl/pico/pico-sdk/src/rp2_common/pico_printf/printf.c.o
 .debug_loclists
                0x0000db60      0x3cf CMakeFiles/blink.dir/Users/vyl/pico/pico-sdk/src/rp2_common/pico_clib_interface/newlib_interface.c.o
 .debug_loclists
                0x0000df2f      0xc76 CMakeFiles/blink.dir/Users/vyl/pico/pico-sdk/src/rp2_common/pico_stdio/stdio.c.o

.debug_aranges  0x00000000      0xa48
 .debug_aranges
                0x00000000       0x20 CMakeFiles/blink.dir/main.cc.o
 .debug_aranges
                0x00000020      0x110 CMakeFiles/blink.dir/Users/vyl/pico/pico-sdk/src/rp2_common/hardware_gpio/gpio.c.o
 .debug_aranges
                0x00000130       0x28 CMakeFiles/blink.dir/Users/vyl/pico/pico-sdk/src/rp2_common/pico_platform_panic/panic.c.o
 .debug_aranges
                0x00000158       0x48 CMakeFiles/blink.dir/Users/vyl/pico/pico-sdk/src/common/hardware_claim/claim.c.o
 .debug_aranges
                0x000001a0       0x48 CMakeFiles/blink.dir/Users/vyl/pico/pico-sdk/src/rp2_common/hardware_sync/sync.c.o
 .debug_aranges
                0x000001e8       0x30 CMakeFiles/blink.dir/Users/vyl/pico/pico-sdk/src/rp2_common/hardware_sync_spin_lock/sync_spin_lock.c.o
 .debug_aranges
                0x00000218       0xc8 CMakeFiles/blink.dir/Users/vyl/pico/pico-sdk/src/rp2_common/hardware_irq/irq.c.o
 .debug_aranges
                0x000002e0       0x20 CMakeFiles/blink.dir/Users/vyl/pico/pico-sdk/src/common/pico_sync/lock_core.c.o
 .debug_aranges
                0x00000300       0x98 CMakeFiles/blink.dir/Users/vyl/pico/pico-sdk/src/common/pico_sync/mutex.c.o
 .debug_aranges
                0x00000398       0xe0 CMakeFiles/blink.dir/Users/vyl/pico/pico-sdk/src/common/pico_time/time.c.o
 .debug_aranges
                0x00000478       0xf0 CMakeFiles/blink.dir/Users/vyl/pico/pico-sdk/src/rp2_common/hardware_timer/timer.c.o
 .debug_aranges
                0x00000568       0xb0 CMakeFiles/blink.dir/Users/vyl/pico/pico-sdk/src/rp2_common/hardware_clocks/clocks.c.o
 .debug_aranges
                0x00000618       0x28 CMakeFiles/blink.dir/Users/vyl/pico/pico-sdk/src/rp2_common/hardware_pll/pll.c.o
 .debug_aranges
                0x00000640       0x30 CMakeFiles/blink.dir/Users/vyl/pico/pico-sdk/src/rp2_common/hardware_ticks/ticks.c.o
 .debug_aranges
                0x00000670       0x60 CMakeFiles/blink.dir/Users/vyl/pico/pico-sdk/src/rp2_common/pico_bootrom/bootrom.c.o
 .debug_aranges
                0x000006d0       0x20 CMakeFiles/blink.dir/Users/vyl/pico/pico-sdk/src/rp2_common/pico_bootrom/bootrom_lock.c.o
 .debug_aranges
                0x000006f0       0x30 CMakeFiles/blink.dir/Users/vyl/pico/pico-sdk/src/rp2_common/hardware_boot_lock/boot_lock.c.o
 .debug_aranges
                0x00000720       0x30 CMakeFiles/blink.dir/Users/vyl/pico/pico-sdk/src/rp2_common/hardware_xosc/xosc.c.o
 .debug_aranges
                0x00000750       0x38 CMakeFiles/blink.dir/Users/vyl/pico/pico-sdk/src/rp2_common/pico_runtime/runtime.c.o
 .debug_aranges
                0x00000788       0x58 CMakeFiles/blink.dir/Users/vyl/pico/pico-sdk/src/rp2_common/pico_runtime_init/runtime_init.c.o
 .debug_aranges
                0x000007e0       0x20 CMakeFiles/blink.dir/Users/vyl/pico/pico-sdk/src/rp2_common/pico_runtime_init/runtime_init_clocks.c.o
 .debug_aranges
                0x00000800       0x18 CMakeFiles/blink.dir/Users/vyl/pico/pico-sdk/src/rp2_common/pico_standard_binary_info/standard_binary_info.c.o
 .debug_aranges
                0x00000818       0x90 CMakeFiles/blink.dir/Users/vyl/pico/pico-sdk/src/rp2_common/pico_printf/printf.c.o
 .debug_aranges
                0x000008a8       0x28 CMakeFiles/blink.dir/Users/vyl/pico/pico-sdk/src/rp2_common/pico_crt0/crt0.S.o
 .debug_aranges
                0x000008d0       0xb0 CMakeFiles/blink.dir/Users/vyl/pico/pico-sdk/src/rp2_common/pico_clib_interface/newlib_interface.c.o
 .debug_aranges
                0x00000980       0xc8 CMakeFiles/blink.dir/Users/vyl/pico/pico-sdk/src/rp2_common/pico_stdio/stdio.c.o

.debug_rnglists
                0x00000000     0x2c42
 .debug_rnglists
                0x00000000       0x37 CMakeFiles/blink.dir/main.cc.o
 .debug_rnglists
                0x00000037      0x5c4 CMakeFiles/blink.dir/Users/vyl/pico/pico-sdk/src/rp2_common/hardware_gpio/gpio.c.o
 .debug_rnglists
                0x000005fb       0x19 CMakeFiles/blink.dir/Users/vyl/pico/pico-sdk/src/rp2_common/pico_platform_panic/panic.c.o
 .debug_rnglists
                0x00000614       0xe6 CMakeFiles/blink.dir/Users/vyl/pico/pico-sdk/src/common/hardware_claim/claim.c.o
 .debug_rnglists
                0x000006fa       0x58 CMakeFiles/blink.dir/Users/vyl/pico/pico-sdk/src/rp2_common/hardware_sync/sync.c.o
 .debug_rnglists
                0x00000752       0x43 CMakeFiles/blink.dir/Users/vyl/pico/pico-sdk/src/rp2_common/hardware_sync_spin_lock/sync_spin_lock.c.o
 .debug_rnglists
                0x00000795      0x352 CMakeFiles/blink.dir/Users/vyl/pico/pico-sdk/src/rp2_common/hardware_irq/irq.c.o
 .debug_rnglists
                0x00000ae7       0x13 CMakeFiles/blink.dir/Users/vyl/pico/pico-sdk/src/common/pico_sync/lock_core.c.o
 .debug_rnglists
                0x00000afa      0x335 CMakeFiles/blink.dir/Users/vyl/pico/pico-sdk/src/common/pico_sync/mutex.c.o
 .debug_rnglists
                0x00000e2f      0x978 CMakeFiles/blink.dir/Users/vyl/pico/pico-sdk/src/common/pico_time/time.c.o
 .debug_rnglists
                0x000017a7      0x413 CMakeFiles/blink.dir/Users/vyl/pico/pico-sdk/src/rp2_common/hardware_timer/timer.c.o
 .debug_rnglists
                0x00001bba      0x64f CMakeFiles/blink.dir/Users/vyl/pico/pico-sdk/src/rp2_common/hardware_clocks/clocks.c.o
 .debug_rnglists
                0x00002209       0x59 CMakeFiles/blink.dir/Users/vyl/pico/pico-sdk/src/rp2_common/hardware_pll/pll.c.o
 .debug_rnglists
                0x00002262       0x2b CMakeFiles/blink.dir/Users/vyl/pico/pico-sdk/src/rp2_common/hardware_ticks/ticks.c.o
 .debug_rnglists
                0x0000228d      0x15d CMakeFiles/blink.dir/Users/vyl/pico/pico-sdk/src/rp2_common/pico_bootrom/bootrom.c.o
 .debug_rnglists
                0x000023ea       0x13 CMakeFiles/blink.dir/Users/vyl/pico/pico-sdk/src/rp2_common/pico_bootrom/bootrom_lock.c.o
 .debug_rnglists
                0x000023fd       0x4f CMakeFiles/blink.dir/Users/vyl/pico/pico-sdk/src/rp2_common/hardware_boot_lock/boot_lock.c.o
 .debug_rnglists
                0x0000244c       0x2b CMakeFiles/blink.dir/Users/vyl/pico/pico-sdk/src/rp2_common/hardware_xosc/xosc.c.o
 .debug_rnglists
                0x00002477       0x55 CMakeFiles/blink.dir/Users/vyl/pico/pico-sdk/src/rp2_common/pico_runtime/runtime.c.o
 .debug_rnglists
                0x000024cc       0x6d CMakeFiles/blink.dir/Users/vyl/pico/pico-sdk/src/rp2_common/pico_runtime_init/runtime_init.c.o
 .debug_rnglists
                0x00002539       0x2c CMakeFiles/blink.dir/Users/vyl/pico/pico-sdk/src/rp2_common/pico_runtime_init/runtime_init_clocks.c.o
 .debug_rnglists
                0x00002565      0x2f4 CMakeFiles/blink.dir/Users/vyl/pico/pico-sdk/src/rp2_common/pico_printf/printf.c.o
 .debug_rnglists
                0x00002859       0x1b CMakeFiles/blink.dir/Users/vyl/pico/pico-sdk/src/rp2_common/pico_crt0/crt0.S.o
 .debug_rnglists
                0x00002874       0xca CMakeFiles/blink.dir/Users/vyl/pico/pico-sdk/src/rp2_common/pico_clib_interface/newlib_interface.c.o
 .debug_rnglists
                0x0000293e      0x304 CMakeFiles/blink.dir/Users/vyl/pico/pico-sdk/src/rp2_common/pico_stdio/stdio.c.o

.debug_line     0x00000000    0x136c2
 .debug_line    0x00000000      0x2b1 CMakeFiles/blink.dir/main.cc.o
 .debug_line    0x000002b1     0x1b5f CMakeFiles/blink.dir/Users/vyl/pico/pico-sdk/src/rp2_common/hardware_gpio/gpio.c.o
 .debug_line    0x00001e10      0x287 CMakeFiles/blink.dir/Users/vyl/pico/pico-sdk/src/rp2_common/pico_platform_panic/panic.c.o
 .debug_line    0x00002097      0x7cb CMakeFiles/blink.dir/Users/vyl/pico/pico-sdk/src/common/hardware_claim/claim.c.o
 .debug_line    0x00002862      0x3fb CMakeFiles/blink.dir/Users/vyl/pico/pico-sdk/src/rp2_common/hardware_sync/sync.c.o
 .debug_line    0x00002c5d      0x37c CMakeFiles/blink.dir/Users/vyl/pico/pico-sdk/src/rp2_common/hardware_sync_spin_lock/sync_spin_lock.c.o
 .debug_line    0x00002fd9     0x164c CMakeFiles/blink.dir/Users/vyl/pico/pico-sdk/src/rp2_common/hardware_irq/irq.c.o
 .debug_line    0x00004625      0x2a9 CMakeFiles/blink.dir/Users/vyl/pico/pico-sdk/src/common/pico_sync/lock_core.c.o
 .debug_line    0x000048ce     0x130a CMakeFiles/blink.dir/Users/vyl/pico/pico-sdk/src/common/pico_sync/mutex.c.o
 .debug_line    0x00005bd8     0x341a CMakeFiles/blink.dir/Users/vyl/pico/pico-sdk/src/common/pico_time/time.c.o
 .debug_line    0x00008ff2     0x1d53 CMakeFiles/blink.dir/Users/vyl/pico/pico-sdk/src/rp2_common/hardware_timer/timer.c.o
 .debug_line    0x0000ad45     0x20d6 CMakeFiles/blink.dir/Users/vyl/pico/pico-sdk/src/rp2_common/hardware_clocks/clocks.c.o
 .debug_line    0x0000ce1b      0x4ba CMakeFiles/blink.dir/Users/vyl/pico/pico-sdk/src/rp2_common/hardware_pll/pll.c.o
 .debug_line    0x0000d2d5      0x30a CMakeFiles/blink.dir/Users/vyl/pico/pico-sdk/src/rp2_common/hardware_ticks/ticks.c.o
 .debug_line    0x0000d5df      0xb8d CMakeFiles/blink.dir/Users/vyl/pico/pico-sdk/src/rp2_common/pico_bootrom/bootrom.c.o
 .debug_line    0x0000e16c      0x38b CMakeFiles/blink.dir/Users/vyl/pico/pico-sdk/src/rp2_common/pico_bootrom/bootrom_lock.c.o
 .debug_line    0x0000e4f7      0x407 CMakeFiles/blink.dir/Users/vyl/pico/pico-sdk/src/rp2_common/hardware_boot_lock/boot_lock.c.o
 .debug_line    0x0000e8fe      0x350 CMakeFiles/blink.dir/Users/vyl/pico/pico-sdk/src/rp2_common/hardware_xosc/xosc.c.o
 .debug_line    0x0000ec4e      0x303 CMakeFiles/blink.dir/Users/vyl/pico/pico-sdk/src/rp2_common/pico_runtime/runtime.c.o
 .debug_line    0x0000ef51      0x68e CMakeFiles/blink.dir/Users/vyl/pico/pico-sdk/src/rp2_common/pico_runtime_init/runtime_init.c.o
 .debug_line    0x0000f5df      0x540 CMakeFiles/blink.dir/Users/vyl/pico/pico-sdk/src/rp2_common/pico_runtime_init/runtime_init_clocks.c.o
 .debug_line    0x0000fb1f      0x19b CMakeFiles/blink.dir/Users/vyl/pico/pico-sdk/src/rp2_common/pico_standard_binary_info/standard_binary_info.c.o
 .debug_line    0x0000fcba     0x1bf1 CMakeFiles/blink.dir/Users/vyl/pico/pico-sdk/src/rp2_common/pico_printf/printf.c.o
 .debug_line    0x000118ab       0xa0 CMakeFiles/blink.dir/Users/vyl/pico/pico-sdk/src/rp2_common/pico_crt0/crt0.S.o
 .debug_line    0x0001194b      0x8a3 CMakeFiles/blink.dir/Users/vyl/pico/pico-sdk/src/rp2_common/pico_clib_interface/newlib_interface.c.o
 .debug_line    0x000121ee     0x14d4 CMakeFiles/blink.dir/Users/vyl/pico/pico-sdk/src/rp2_common/pico_stdio/stdio.c.o

.debug_str      0x00000000     0x55be
 .debug_str     0x00000000     0x55be CMakeFiles/blink.dir/main.cc.o
                                0x28f (size before relaxing)
 .debug_str     0x000055be        0x0 CMakeFiles/blink.dir/Users/vyl/pico/pico-sdk/src/rp2_common/hardware_gpio/gpio.c.o
                                0xd6e (size before relaxing)
 .debug_str     0x000055be        0x0 CMakeFiles/blink.dir/Users/vyl/pico/pico-sdk/src/rp2_common/pico_platform_panic/panic.c.o
                                0x201 (size before relaxing)
 .debug_str     0x000055be        0x0 CMakeFiles/blink.dir/Users/vyl/pico/pico-sdk/src/common/hardware_claim/claim.c.o
                                0x373 (size before relaxing)
 .debug_str     0x000055be        0x0 CMakeFiles/blink.dir/Users/vyl/pico/pico-sdk/src/rp2_common/hardware_sync/sync.c.o
                                0x31e (size before relaxing)
 .debug_str     0x000055be        0x0 CMakeFiles/blink.dir/Users/vyl/pico/pico-sdk/src/rp2_common/hardware_sync_spin_lock/sync_spin_lock.c.o
                                0xb3b (size before relaxing)
 .debug_str     0x000055be        0x0 CMakeFiles/blink.dir/Users/vyl/pico/pico-sdk/src/rp2_common/hardware_irq/irq.c.o
                                0xc87 (size before relaxing)
 .debug_str     0x000055be        0x0 CMakeFiles/blink.dir/Users/vyl/pico/pico-sdk/src/common/pico_sync/lock_core.c.o
                                0x4c0 (size before relaxing)
 .debug_str     0x000055be        0x0 CMakeFiles/blink.dir/Users/vyl/pico/pico-sdk/src/common/pico_sync/mutex.c.o
                                0x90d (size before relaxing)
 .debug_str     0x000055be        0x0 CMakeFiles/blink.dir/Users/vyl/pico/pico-sdk/src/common/pico_time/time.c.o
                               0x133a (size before relaxing)
 .debug_str     0x000055be        0x0 CMakeFiles/blink.dir/Users/vyl/pico/pico-sdk/src/rp2_common/hardware_timer/timer.c.o
                                0xb9e (size before relaxing)
 .debug_str     0x000055be        0x0 CMakeFiles/blink.dir/Users/vyl/pico/pico-sdk/src/rp2_common/hardware_clocks/clocks.c.o
                               0x1170 (size before relaxing)
 .debug_str     0x000055be        0x0 CMakeFiles/blink.dir/Users/vyl/pico/pico-sdk/src/rp2_common/hardware_pll/pll.c.o
                                0x4a3 (size before relaxing)
 .debug_str     0x000055be        0x0 CMakeFiles/blink.dir/Users/vyl/pico/pico-sdk/src/rp2_common/hardware_ticks/ticks.c.o
                                0x2c4 (size before relaxing)
 .debug_str     0x000055be        0x0 CMakeFiles/blink.dir/Users/vyl/pico/pico-sdk/src/rp2_common/pico_bootrom/bootrom.c.o
                                0x973 (size before relaxing)
 .debug_str     0x000055be        0x0 CMakeFiles/blink.dir/Users/vyl/pico/pico-sdk/src/rp2_common/pico_bootrom/bootrom_lock.c.o
                                0x2ac (size before relaxing)
 .debug_str     0x000055be        0x0 CMakeFiles/blink.dir/Users/vyl/pico/pico-sdk/src/rp2_common/hardware_boot_lock/boot_lock.c.o
                                0x28a (size before relaxing)
 .debug_str     0x000055be        0x0 CMakeFiles/blink.dir/Users/vyl/pico/pico-sdk/src/rp2_common/hardware_xosc/xosc.c.o
                                0x23d (size before relaxing)
 .debug_str     0x000055be        0x0 CMakeFiles/blink.dir/Users/vyl/pico/pico-sdk/src/rp2_common/pico_runtime/runtime.c.o
                                0x293 (size before relaxing)
 .debug_str     0x000055be        0x0 CMakeFiles/blink.dir/Users/vyl/pico/pico-sdk/src/rp2_common/pico_runtime_init/runtime_init.c.o
                               0x1190 (size before relaxing)
 .debug_str     0x000055be        0x0 CMakeFiles/blink.dir/Users/vyl/pico/pico-sdk/src/rp2_common/pico_runtime_init/runtime_init_clocks.c.o
                                0x4df (size before relaxing)
 .debug_str     0x000055be        0x0 CMakeFiles/blink.dir/Users/vyl/pico/pico-sdk/src/rp2_common/pico_standard_binary_info/standard_binary_info.c.o
                                0x3fd (size before relaxing)
 .debug_str     0x000055be        0x0 CMakeFiles/blink.dir/Users/vyl/pico/pico-sdk/src/rp2_common/pico_printf/printf.c.o
                                0x4a9 (size before relaxing)
 .debug_str     0x000055be        0x0 CMakeFiles/blink.dir/Users/vyl/pico/pico-sdk/src/rp2_common/pico_crt0/crt0.S.o
                                 0x69 (size before relaxing)
 .debug_str     0x000055be        0x0 CMakeFiles/blink.dir/Users/vyl/pico/pico-sdk/src/rp2_common/pico_clib_interface/newlib_interface.c.o
                                0x898 (size before relaxing)
 .debug_str     0x000055be        0x0 CMakeFiles/blink.dir/Users/vyl/pico/pico-sdk/src/rp2_common/pico_stdio/stdio.c.o
                               0x1136 (size before relaxing)

.comment        0x00000000       0x46
 .comment       0x00000000       0x46 CMakeFiles/blink.dir/main.cc.o
                                 0x47 (size before relaxing)
 .comment       0x00000046        0x0 CMakeFiles/blink.dir/Users/vyl/pico/pico-sdk/src/rp2_common/hardware_gpio/gpio.c.o
                                 0x47 (size before relaxing)
 .comment       0x00000046        0x0 CMakeFiles/blink.dir/Users/vyl/pico/pico-sdk/src/rp2_common/pico_platform_panic/panic.c.o
                                 0x47 (size before relaxing)
 .comment       0x00000046        0x0 CMakeFiles/blink.dir/Users/vyl/pico/pico-sdk/src/common/hardware_claim/claim.c.o
                                 0x47 (size before relaxing)
 .comment       0x00000046        0x0 CMakeFiles/blink.dir/Users/vyl/pico/pico-sdk/src/rp2_common/hardware_sync/sync.c.o
                                 0x47 (size before relaxing)
 .comment       0x00000046        0x0 CMakeFiles/blink.dir/Users/vyl/pico/pico-sdk/src/rp2_common/hardware_sync_spin_lock/sync_spin_lock.c.o
                                 0x47 (size before relaxing)
 .comment       0x00000046        0x0 CMakeFiles/blink.dir/Users/vyl/pico/pico-sdk/src/rp2_common/hardware_irq/irq.c.o
                                 0x47 (size before relaxing)
 .comment       0x00000046        0x0 CMakeFiles/blink.dir/Users/vyl/pico/pico-sdk/src/common/pico_sync/lock_core.c.o
                                 0x47 (size before relaxing)
 .comment       0x00000046        0x0 CMakeFiles/blink.dir/Users/vyl/pico/pico-sdk/src/common/pico_sync/mutex.c.o
                                 0x47 (size before relaxing)
 .comment       0x00000046        0x0 CMakeFiles/blink.dir/Users/vyl/pico/pico-sdk/src/common/pico_time/time.c.o
                                 0x47 (size before relaxing)
 .comment       0x00000046        0x0 CMakeFiles/blink.dir/Users/vyl/pico/pico-sdk/src/rp2_common/hardware_timer/timer.c.o
                                 0x47 (size before relaxing)
 .comment       0x00000046        0x0 CMakeFiles/blink.dir/Users/vyl/pico/pico-sdk/src/rp2_common/hardware_clocks/clocks.c.o
                                 0x47 (size before relaxing)
 .comment       0x00000046        0x0 CMakeFiles/blink.dir/Users/vyl/pico/pico-sdk/src/rp2_common/hardware_pll/pll.c.o
                                 0x47 (size before relaxing)
 .comment       0x00000046        0x0 CMakeFiles/blink.dir/Users/vyl/pico/pico-sdk/src/rp2_common/hardware_ticks/ticks.c.o
                                 0x47 (size before relaxing)
 .comment       0x00000046        0x0 CMakeFiles/blink.dir/Users/vyl/pico/pico-sdk/src/rp2_common/pico_bootrom/bootrom.c.o
                                 0x47 (size before relaxing)
 .comment       0x00000046        0x0 CMakeFiles/blink.dir/Users/vyl/pico/pico-sdk/src/rp2_common/pico_bootrom/bootrom_lock.c.o
                                 0x47 (size before relaxing)
 .comment       0x00000046        0x0 CMakeFiles/blink.dir/Users/vyl/pico/pico-sdk/src/rp2_common/hardware_boot_lock/boot_lock.c.o
                                 0x47 (size before relaxing)
 .comment       0x00000046        0x0 CMakeFiles/blink.dir/Users/vyl/pico/pico-sdk/src/rp2_common/hardware_xosc/xosc.c.o
                                 0x47 (size before relaxing)
 .comment       0x00000046        0x0 CMakeFiles/blink.dir/Users/vyl/pico/pico-sdk/src/rp2_common/pico_runtime/runtime.c.o
                                 0x47 (size before relaxing)
 .comment       0x00000046        0x0 CMakeFiles/blink.dir/Users/vyl/pico/pico-sdk/src/rp2_common/pico_runtime_init/runtime_init.c.o
                                 0x47 (size before relaxing)
 .comment       0x00000046        0x0 CMakeFiles/blink.dir/Users/vyl/pico/pico-sdk/src/rp2_common/pico_runtime_init/runtime_init_clocks.c.o
                                 0x47 (size before relaxing)
 .comment       0x00000046        0x0 CMakeFiles/blink.dir/Users/vyl/pico/pico-sdk/src/rp2_common/pico_standard_binary_info/standard_binary_info.c.o
                                 0x47 (size before relaxing)
 .comment       0x00000046        0x0 CMakeFiles/blink.dir/Users/vyl/pico/pico-sdk/src/rp2_common/pico_printf/printf.c.o
                                 0x47 (size before relaxing)
 .comment       0x00000046        0x0 CMakeFiles/blink.dir/Users/vyl/pico/pico-sdk/src/rp2_common/pico_clib_interface/newlib_interface.c.o
                                 0x47 (size before relaxing)
 .comment       0x00000046        0x0 CMakeFiles/blink.dir/Users/vyl/pico/pico-sdk/src/rp2_common/pico_stdio/stdio.c.o
                                 0x47 (size before relaxing)

.ARM.attributes
                0x00000000       0x36
 .ARM.attributes
                0x00000000       0x38 CMakeFiles/blink.dir/main.cc.o
 .ARM.attributes
                0x00000038       0x38 CMakeFiles/blink.dir/Users/vyl/pico/pico-sdk/src/rp2_common/hardware_gpio/gpio.c.o
 .ARM.attributes
                0x00000070       0x38 CMakeFiles/blink.dir/Users/vyl/pico/pico-sdk/src/rp2_common/pico_platform_panic/panic.c.o
 .ARM.attributes
                0x000000a8       0x38 CMakeFiles/blink.dir/Users/vyl/pico/pico-sdk/src/common/hardware_claim/claim.c.o
 .ARM.attributes
                0x000000e0       0x38 CMakeFiles/blink.dir/Users/vyl/pico/pico-sdk/src/rp2_common/hardware_sync/sync.c.o
 .ARM.attributes
                0x00000118       0x38 CMakeFiles/blink.dir/Users/vyl/pico/pico-sdk/src/rp2_common/hardware_sync_spin_lock/sync_spin_lock.c.o
 .ARM.attributes
                0x00000150       0x38 CMakeFiles/blink.dir/Users/vyl/pico/pico-sdk/src/rp2_common/hardware_irq/irq.c.o
 .ARM.attributes
                0x00000188       0x38 CMakeFiles/blink.dir/Users/vyl/pico/pico-sdk/src/common/pico_sync/lock_core.c.o
 .ARM.attributes
                0x000001c0       0x38 CMakeFiles/blink.dir/Users/vyl/pico/pico-sdk/src/common/pico_sync/mutex.c.o
 .ARM.attributes
                0x000001f8       0x38 CMakeFiles/blink.dir/Users/vyl/pico/pico-sdk/src/common/pico_time/time.c.o
 .ARM.attributes
                0x00000230       0x38 CMakeFiles/blink.dir/Users/vyl/pico/pico-sdk/src/rp2_common/hardware_timer/timer.c.o
 .ARM.attributes
                0x00000268       0x38 CMakeFiles/blink.dir/Users/vyl/pico/pico-sdk/src/rp2_common/hardware_clocks/clocks.c.o
 .ARM.attributes
                0x000002a0       0x38 CMakeFiles/blink.dir/Users/vyl/pico/pico-sdk/src/rp2_common/hardware_pll/pll.c.o
 .ARM.attributes
                0x000002d8       0x38 CMakeFiles/blink.dir/Users/vyl/pico/pico-sdk/src/rp2_common/hardware_ticks/ticks.c.o
 .ARM.attributes
                0x00000310       0x38 CMakeFiles/blink.dir/Users/vyl/pico/pico-sdk/src/rp2_common/pico_bootrom/bootrom.c.o
 .ARM.attributes
                0x00000348       0x38 CMakeFiles/blink.dir/Users/vyl/pico/pico-sdk/src/rp2_common/pico_bootrom/bootrom_lock.c.o
 .ARM.attributes
                0x00000380       0x38 CMakeFiles/blink.dir/Users/vyl/pico/pico-sdk/src/rp2_common/hardware_boot_lock/boot_lock.c.o
 .ARM.attributes
                0x000003b8       0x38 CMakeFiles/blink.dir/Users/vyl/pico/pico-sdk/src/rp2_common/hardware_xosc/xosc.c.o
 .ARM.attributes
                0x000003f0       0x38 CMakeFiles/blink.dir/Users/vyl/pico/pico-sdk/src/rp2_common/pico_runtime/runtime.c.o
 .ARM.attributes
                0x00000428       0x38 CMakeFiles/blink.dir/Users/vyl/pico/pico-sdk/src/rp2_common/pico_runtime_init/runtime_init.c.o
 .ARM.attributes
                0x00000460       0x38 CMakeFiles/blink.dir/Users/vyl/pico/pico-sdk/src/rp2_common/pico_runtime_init/runtime_init_clocks.c.o
 .ARM.attributes
                0x00000498       0x38 CMakeFiles/blink.dir/Users/vyl/pico/pico-sdk/src/rp2_common/pico_standard_binary_info/standard_binary_info.c.o
 .ARM.attributes
                0x000004d0       0x38 CMakeFiles/blink.dir/Users/vyl/pico/pico-sdk/src/rp2_common/pico_printf/printf.c.o
 .ARM.attributes
                0x00000508       0x28 CMakeFiles/blink.dir/Users/vyl/pico/pico-sdk/src/rp2_common/pico_crt0/crt0.S.o
 .ARM.attributes
                0x00000530       0x38 CMakeFiles/blink.dir/Users/vyl/pico/pico-sdk/src/rp2_common/pico_clib_interface/newlib_interface.c.o
 .ARM.attributes
                0x00000568       0x38 CMakeFiles/blink.dir/Users/vyl/pico/pico-sdk/src/rp2_common/pico_stdio/stdio.c.o
 .ARM.attributes
                0x000005a0       0x24 /Applications/ArmGNUToolchain/15.3.rel1/arm-none-eabi/bin/../lib/gcc/arm-none-eabi/15.3.1/../../../../arm-none-eabi/lib/thumb/v8-m.main+fp/softfp/libg.a(libc_a-memcpy.o)
 .ARM.attributes
                0x000005c4       0x36 /Applications/ArmGNUToolchain/15.3.rel1/arm-none-eabi/bin/../lib/gcc/arm-none-eabi/15.3.1/../../../../arm-none-eabi/lib/thumb/v8-m.main+fp/softfp/libg.a(libc_a-strlen-stub.o)

.debug_frame    0x00000000     0x1c48
 .debug_frame   0x00000000       0x28 CMakeFiles/blink.dir/main.cc.o
 .debug_frame   0x00000028      0x31c CMakeFiles/blink.dir/Users/vyl/pico/pico-sdk/src/rp2_common/hardware_gpio/gpio.c.o
 .debug_frame   0x00000344       0x4c CMakeFiles/blink.dir/Users/vyl/pico/pico-sdk/src/rp2_common/pico_platform_panic/panic.c.o
 .debug_frame   0x00000390       0x94 CMakeFiles/blink.dir/Users/vyl/pico/pico-sdk/src/common/hardware_claim/claim.c.o
 .debug_frame   0x00000424       0x90 CMakeFiles/blink.dir/Users/vyl/pico/pico-sdk/src/rp2_common/hardware_sync/sync.c.o
 .debug_frame   0x000004b4       0x40 CMakeFiles/blink.dir/Users/vyl/pico/pico-sdk/src/rp2_common/hardware_sync_spin_lock/sync_spin_lock.c.o
 .debug_frame   0x000004f4      0x1cc CMakeFiles/blink.dir/Users/vyl/pico/pico-sdk/src/rp2_common/hardware_irq/irq.c.o
 .debug_frame   0x000006c0       0x20 CMakeFiles/blink.dir/Users/vyl/pico/pico-sdk/src/common/pico_sync/lock_core.c.o
 .debug_frame   0x000006e0      0x1f8 CMakeFiles/blink.dir/Users/vyl/pico/pico-sdk/src/common/pico_sync/mutex.c.o
 .debug_frame   0x000008d8      0x394 CMakeFiles/blink.dir/Users/vyl/pico/pico-sdk/src/common/pico_time/time.c.o
 .debug_frame   0x00000c6c      0x2a4 CMakeFiles/blink.dir/Users/vyl/pico/pico-sdk/src/rp2_common/hardware_timer/timer.c.o
 .debug_frame   0x00000f10      0x244 CMakeFiles/blink.dir/Users/vyl/pico/pico-sdk/src/rp2_common/hardware_clocks/clocks.c.o
 .debug_frame   0x00001154       0x38 CMakeFiles/blink.dir/Users/vyl/pico/pico-sdk/src/rp2_common/hardware_pll/pll.c.o
 .debug_frame   0x0000118c       0x40 CMakeFiles/blink.dir/Users/vyl/pico/pico-sdk/src/rp2_common/hardware_ticks/ticks.c.o
 .debug_frame   0x000011cc      0x134 CMakeFiles/blink.dir/Users/vyl/pico/pico-sdk/src/rp2_common/pico_bootrom/bootrom.c.o
 .debug_frame   0x00001300       0x20 CMakeFiles/blink.dir/Users/vyl/pico/pico-sdk/src/rp2_common/pico_bootrom/bootrom_lock.c.o
 .debug_frame   0x00001320       0x40 CMakeFiles/blink.dir/Users/vyl/pico/pico-sdk/src/rp2_common/hardware_boot_lock/boot_lock.c.o
 .debug_frame   0x00001360       0x40 CMakeFiles/blink.dir/Users/vyl/pico/pico-sdk/src/rp2_common/hardware_xosc/xosc.c.o
 .debug_frame   0x000013a0       0x70 CMakeFiles/blink.dir/Users/vyl/pico/pico-sdk/src/rp2_common/pico_runtime/runtime.c.o
 .debug_frame   0x00001410       0xb4 CMakeFiles/blink.dir/Users/vyl/pico/pico-sdk/src/rp2_common/pico_runtime_init/runtime_init.c.o
 .debug_frame   0x000014c4       0x34 CMakeFiles/blink.dir/Users/vyl/pico/pico-sdk/src/rp2_common/pico_runtime_init/runtime_init_clocks.c.o
 .debug_frame   0x000014f8      0x290 CMakeFiles/blink.dir/Users/vyl/pico/pico-sdk/src/rp2_common/pico_printf/printf.c.o
 .debug_frame   0x00001788      0x1a0 CMakeFiles/blink.dir/Users/vyl/pico/pico-sdk/src/rp2_common/pico_clib_interface/newlib_interface.c.o
 .debug_frame   0x00001928      0x2d8 CMakeFiles/blink.dir/Users/vyl/pico/pico-sdk/src/rp2_common/pico_stdio/stdio.c.o
 .debug_frame   0x00001c00       0x28 /Applications/ArmGNUToolchain/15.3.rel1/arm-none-eabi/bin/../lib/gcc/arm-none-eabi/15.3.1/../../../../arm-none-eabi/lib/thumb/v8-m.main+fp/softfp/libg.a(libc_a-memcpy.o)
 .debug_frame   0x00001c28       0x20 /Applications/ArmGNUToolchain/15.3.rel1/arm-none-eabi/bin/../lib/gcc/arm-none-eabi/15.3.1/../../../../arm-none-eabi/lib/thumb/v8-m.main+fp/softfp/libg.a(libc_a-strlen-stub.o)

.debug_line_str
                0x00000000      0x165
 .debug_line_str
                0x00000000      0x165 CMakeFiles/blink.dir/Users/vyl/pico/pico-sdk/src/rp2_common/pico_crt0/crt0.S.o
                                 0x5b (size before relaxing)
 .debug_line_str
                0x00000165        0x0 /Applications/ArmGNUToolchain/15.3.rel1/arm-none-eabi/bin/../lib/gcc/arm-none-eabi/15.3.1/../../../../arm-none-eabi/lib/thumb/v8-m.main+fp/softfp/libg.a(libc_a-memcpy.o)
                                0x10a (size before relaxing)
